/home/arooba/miniconda3/envs/ai_assisted_env/lib/python3.10/site-packages/torch/cuda/__init__.py:716: UserWarning: Can't initialize NVML
  warnings.warn("Can't initialize NVML")
Using device: cuda
Saving outputs to: outputs/fixed_budget_25
Files already downloaded and verified
Files already downloaded and verified
keep_ratio=0.25  prune_layer=6  tokens 49/196  params=5,543,716  FLOPs=0.687 GFLOPs
Epoch 01/20  train_loss=2.6519  train_acc=0.3406  val_loss=1.6844  val_acc=0.5387
  -> New best val_acc: 0.5387
Epoch 02/20  train_loss=1.3503  train_acc=0.6149  val_loss=1.2207  val_acc=0.6449
  -> New best val_acc: 0.6449
Epoch 03/20  train_loss=1.0191  train_acc=0.6997  val_loss=1.0622  val_acc=0.6910
  -> New best val_acc: 0.6910
Epoch 04/20  train_loss=0.8181  train_acc=0.7545  val_loss=1.0230  val_acc=0.7015
  -> New best val_acc: 0.7015
Epoch 05/20  train_loss=0.6939  train_acc=0.7881  val_loss=0.9764  val_acc=0.7154
  -> New best val_acc: 0.7154
Epoch 06/20  train_loss=0.5716  train_acc=0.8238  val_loss=0.9594  val_acc=0.7196
  -> New best val_acc: 0.7196
Epoch 07/20  train_loss=0.4970  train_acc=0.8453  val_loss=0.9279  val_acc=0.7350
  -> New best val_acc: 0.7350
Epoch 08/20  train_loss=0.4277  train_acc=0.8649  val_loss=0.9457  val_acc=0.7345
Epoch 09/20  train_loss=0.3715  train_acc=0.8815  val_loss=0.9790  val_acc=0.7332
Epoch 10/20  train_loss=0.3148  train_acc=0.8991  val_loss=0.9585  val_acc=0.7403
  -> New best val_acc: 0.7403
Epoch 11/20  train_loss=0.2852  train_acc=0.9094  val_loss=0.9505  val_acc=0.7504
  -> New best val_acc: 0.7504
Epoch 12/20  train_loss=0.2414  train_acc=0.9214  val_loss=1.0443  val_acc=0.7294
Epoch 13/20  train_loss=0.2304  train_acc=0.9253  val_loss=1.0170  val_acc=0.7414
Epoch 14/20  train_loss=0.2146  train_acc=0.9308  val_loss=1.0684  val_acc=0.7325
Epoch 15/20  train_loss=0.1913  train_acc=0.9375  val_loss=1.0491  val_acc=0.7431
Epoch 16/20  train_loss=0.1852  train_acc=0.9400  val_loss=1.0675  val_acc=0.7387
Epoch 17/20  train_loss=0.1692  train_acc=0.9469  val_loss=1.1245  val_acc=0.7329
Epoch 18/20  train_loss=0.1716  train_acc=0.9445  val_loss=1.1173  val_acc=0.7290
Epoch 19/20  train_loss=0.1479  train_acc=0.9533  val_loss=1.0822  val_acc=0.7460
Epoch 20/20  train_loss=0.1501  train_acc=0.9509  val_loss=1.1117  val_acc=0.7383
Done. Best val_acc=0.7504  metrics -> outputs/fixed_budget_25/metrics.json
