Job started on iris-169
Config file: configs/baseline_dense.yaml
GPU info:
Thu Mar 12 11:58:11 2026       
+-----------------------------------------------------------------------------------------+
| NVIDIA-SMI 565.57.01              Driver Version: 565.57.01      CUDA Version: 12.7     |
|-----------------------------------------+------------------------+----------------------+
| GPU  Name                 Persistence-M | Bus-Id          Disp.A | Volatile Uncorr. ECC |
| Fan  Temp   Perf          Pwr:Usage/Cap |           Memory-Usage | GPU-Util  Compute M. |
|                                         |                        |               MIG M. |
|=========================================+========================+======================|
|   0  Tesla V100-SXM2-16GB           On  |   00000000:1A:00.0 Off |                    0 |
| N/A   48C    P0             75W /  300W |       1MiB /  16384MiB |      0%      Default |
|                                         |                        |                  N/A |
+-----------------------------------------+------------------------+----------------------+
                                                                                         
+-----------------------------------------------------------------------------------------+
| Processes:                                                                              |
|  GPU   GI   CI        PID   Type   Process name                              GPU Memory |
|        ID   ID                                                               Usage      |
|=========================================================================================|
|  No running processes found                                                             |
+-----------------------------------------------------------------------------------------+
Using device: cuda
Outputs will be saved to: outputs/baseline_dense_vit_20260312_115817
Files already downloaded and verified
Files already downloaded and verified
Total parameters: 5.54M
FLOPs per image: 1.08 GFLOPs
Epoch [1/20] Train Loss: 1.5689 | Train Acc: 0.6089 | Val Loss: 0.9333 | Val Acc: 0.7318
Epoch [2/20] Train Loss: 0.6979 | Train Acc: 0.7938 | Val Loss: 0.7798 | Val Acc: 0.7744
Epoch [3/20] Train Loss: 0.4904 | Train Acc: 0.8494 | Val Loss: 0.7462 | Val Acc: 0.7844
Epoch [4/20] Train Loss: 0.3697 | Train Acc: 0.8837 | Val Loss: 0.7510 | Val Acc: 0.7826
Epoch [5/20] Train Loss: 0.2738 | Train Acc: 0.9131 | Val Loss: 0.7681 | Val Acc: 0.7847
Epoch [6/20] Train Loss: 0.2216 | Train Acc: 0.9290 | Val Loss: 0.7730 | Val Acc: 0.7922
Epoch [7/20] Train Loss: 0.1857 | Train Acc: 0.9397 | Val Loss: 0.8020 | Val Acc: 0.7918
Epoch [8/20] Train Loss: 0.1546 | Train Acc: 0.9510 | Val Loss: 0.8325 | Val Acc: 0.7915
Epoch [9/20] Train Loss: 0.1352 | Train Acc: 0.9559 | Val Loss: 0.8538 | Val Acc: 0.7896
Epoch [10/20] Train Loss: 0.1227 | Train Acc: 0.9601 | Val Loss: 0.8445 | Val Acc: 0.7916
Epoch [11/20] Train Loss: 0.1041 | Train Acc: 0.9657 | Val Loss: 0.8787 | Val Acc: 0.7928
Epoch [12/20] Train Loss: 0.0981 | Train Acc: 0.9681 | Val Loss: 0.9053 | Val Acc: 0.7881
Epoch [13/20] Train Loss: 0.0937 | Train Acc: 0.9702 | Val Loss: 0.9083 | Val Acc: 0.7890
Epoch [14/20] Train Loss: 0.0859 | Train Acc: 0.9735 | Val Loss: 0.9247 | Val Acc: 0.7891
Epoch [15/20] Train Loss: 0.0799 | Train Acc: 0.9750 | Val Loss: 0.9301 | Val Acc: 0.7878
Epoch [16/20] Train Loss: 0.0745 | Train Acc: 0.9766 | Val Loss: 0.9644 | Val Acc: 0.7882
Epoch [17/20] Train Loss: 0.0797 | Train Acc: 0.9752 | Val Loss: 0.9455 | Val Acc: 0.7895
Epoch [18/20] Train Loss: 0.0715 | Train Acc: 0.9770 | Val Loss: 0.9741 | Val Acc: 0.7887
Epoch [19/20] Train Loss: 0.0690 | Train Acc: 0.9779 | Val Loss: 1.0058 | Val Acc: 0.7841
Epoch [20/20] Train Loss: 0.0649 | Train Acc: 0.9800 | Val Loss: 1.0080 | Val Acc: 0.7821
Best validation accuracy: 0.7928
