Traceback (most recent call last):
  File "/mnt/aiongpfs/users/aarshad/compute-aware-vit-thesis/src/train.py", line 294, in <module>
    main(args.config)
  File "/mnt/aiongpfs/users/aarshad/compute-aware-vit-thesis/src/train.py", line 78, in main
    config = load_config(config_path)
             ^^^^^^^^^^^^^^^^^^^^^^^^
  File "/mnt/aiongpfs/users/aarshad/compute-aware-vit-thesis/src/utils/config.py", line 15, in load_config
    config = yaml.safe_load(f)
             ^^^^^^^^^^^^^^^^^
  File "/home/users/aarshad/dynamic_pruning_model_env/lib64/python3.11/site-packages/yaml/__init__.py", line 125, in safe_load
    return load(stream, SafeLoader)
           ^^^^^^^^^^^^^^^^^^^^^^^^
  File "/home/users/aarshad/dynamic_pruning_model_env/lib64/python3.11/site-packages/yaml/__init__.py", line 81, in load
    return loader.get_single_data()
           ^^^^^^^^^^^^^^^^^^^^^^^^
  File "/home/users/aarshad/dynamic_pruning_model_env/lib64/python3.11/site-packages/yaml/constructor.py", line 49, in get_single_data
    node = self.get_single_node()
           ^^^^^^^^^^^^^^^^^^^^^^
  File "/home/users/aarshad/dynamic_pruning_model_env/lib64/python3.11/site-packages/yaml/composer.py", line 36, in get_single_node
    document = self.compose_document()
               ^^^^^^^^^^^^^^^^^^^^^^^
  File "/home/users/aarshad/dynamic_pruning_model_env/lib64/python3.11/site-packages/yaml/composer.py", line 58, in compose_document
    self.get_event()
  File "/home/users/aarshad/dynamic_pruning_model_env/lib64/python3.11/site-packages/yaml/parser.py", line 118, in get_event
    self.current_event = self.state()
                         ^^^^^^^^^^^^
  File "/home/users/aarshad/dynamic_pruning_model_env/lib64/python3.11/site-packages/yaml/parser.py", line 193, in parse_document_end
    token = self.peek_token()
            ^^^^^^^^^^^^^^^^^
  File "/home/users/aarshad/dynamic_pruning_model_env/lib64/python3.11/site-packages/yaml/scanner.py", line 129, in peek_token
    self.fetch_more_tokens()
  File "/home/users/aarshad/dynamic_pruning_model_env/lib64/python3.11/site-packages/yaml/scanner.py", line 223, in fetch_more_tokens
    return self.fetch_value()
           ^^^^^^^^^^^^^^^^^^
  File "/home/users/aarshad/dynamic_pruning_model_env/lib64/python3.11/site-packages/yaml/scanner.py", line 577, in fetch_value
    raise ScannerError(None, None,
yaml.scanner.ScannerError: mapping values are not allowed here
  in "scripts/build_budget_labels_train_v2.py", line 16, column 11
