Job started on iris-185
Script file: scripts/build_budget_labels_train_v2.py
GPU info:
Tue Apr 21 10:42:03 2026       
+-----------------------------------------------------------------------------------------+
| NVIDIA-SMI 565.57.01              Driver Version: 565.57.01      CUDA Version: 12.7     |
|-----------------------------------------+------------------------+----------------------+
| GPU  Name                 Persistence-M | Bus-Id          Disp.A | Volatile Uncorr. ECC |
| Fan  Temp   Perf          Pwr:Usage/Cap |           Memory-Usage | GPU-Util  Compute M. |
|                                         |                        |               MIG M. |
|=========================================+========================+======================|
|   0  Tesla V100-SXM2-16GB           On  |   00000000:1A:00.0 Off |                    0 |
| N/A   46C    P0             75W /  300W |       1MiB /  16384MiB |      0%      Default |
|                                         |                        |                  N/A |
+-----------------------------------------+------------------------+----------------------+
                                                                                         
+-----------------------------------------------------------------------------------------+
| Processes:                                                                              |
|  GPU   GI   CI        PID   Type   Process name                              GPU Memory |
|        ID   ID                                                               Usage      |
|=========================================================================================|
|  No running processes found                                                             |
+-----------------------------------------------------------------------------------------+
Files already downloaded and verified
Files already downloaded and verified
Using device: cuda

Preparing model for budget 0.25
  Loaded checkpoint: outputs/dynamic_fixed_25_20260331_142414/best_model.pt
  Budget 0.25 | sample 40000 | labels so far: 298
  Budget 0.25 | sample 45000 | labels so far: 793
  Budget 0.25 | sample 10000 | labels so far: 1662
  Budget 0.25 | sample 5000 | labels so far: 4923
  Budget 0.25 | sample 30000 | labels so far: 5817
  Budget 0.25 | sample 15000 | labels so far: 18207
  Budget 0.25 | sample 20000 | labels so far: 24446
  Budget 0.25 | sample 0 | labels so far: 38004
  Budget 0.25 | sample 35000 | labels so far: 43117
  Budget 0.25 | sample 25000 | labels so far: 47930
Budget 0.25 done. Labels assigned so far: 48401

Preparing model for budget 0.50
  Loaded checkpoint: outputs/dynamic_fixed_50_20260331_125625/best_model.pt
  Budget 0.50 | sample 5000 | labels so far: 48479
  Budget 0.50 | sample 45000 | labels so far: 48542
  Budget 0.50 | sample 35000 | labels so far: 48666
  Budget 0.50 | sample 15000 | labels so far: 48668
  Budget 0.50 | sample 0 | labels so far: 48830
  Budget 0.50 | sample 30000 | labels so far: 48941
  Budget 0.50 | sample 25000 | labels so far: 48941
  Budget 0.50 | sample 20000 | labels so far: 49321
  Budget 0.50 | sample 40000 | labels so far: 49750
  Budget 0.50 | sample 10000 | labels so far: 49808
Budget 0.50 done. Labels assigned so far: 49939

Preparing model for budget 0.75
  Loaded checkpoint: outputs/dynamic_fixed_75_20260331_142423/best_model.pt
  Budget 0.75 | sample 5000 | labels so far: 49939
  Budget 0.75 | sample 10000 | labels so far: 49943
  Budget 0.75 | sample 30000 | labels so far: 49944
  Budget 0.75 | sample 40000 | labels so far: 49945
  Budget 0.75 | sample 0 | labels so far: 49956
  Budget 0.75 | sample 45000 | labels so far: 49967
  Budget 0.75 | sample 35000 | labels so far: 49973
  Budget 0.75 | sample 25000 | labels so far: 49979
  Budget 0.75 | sample 15000 | labels so far: 49983
  Budget 0.75 | sample 20000 | labels so far: 49983
Budget 0.75 done. Labels assigned so far: 49985

Preparing model for budget 1.00
  Loaded checkpoint: outputs/baseline_dense_vit_20260323_122212/best_model.pt
  Budget 1.00 | sample 5000 | labels so far: 49985
  Budget 1.00 | sample 20000 | labels so far: 49985
  Budget 1.00 | sample 15000 | labels so far: 49985
  Budget 1.00 | sample 45000 | labels so far: 49985
  Budget 1.00 | sample 10000 | labels so far: 49985
  Budget 1.00 | sample 35000 | labels so far: 49985
  Budget 1.00 | sample 0 | labels so far: 49985
  Budget 1.00 | sample 30000 | labels so far: 49985
  Budget 1.00 | sample 40000 | labels so far: 49985
  Budget 1.00 | sample 25000 | labels so far: 49985
Budget 1.00 done. Labels assigned so far: 49985

Saved to: /mnt/aiongpfs/users/aarshad/compute-aware-vit-thesis/data/budget_labels_train_v2.json
Total: 50000
