nohup: ignoring input
Warning: You are sending unauthenticated requests to the HF Hub. Please set a HF_TOKEN to enable higher rate limits and faster downloads.
/home/arooba/miniconda3/envs/thesis_env/lib/python3.11/site-packages/torchvision/datasets/cifar.py:83: VisibleDeprecationWarning: dtype(): align should be passed as Python or NumPy boolean but got `align=0`. Did you mean to pass a tuple to create a subarray type? (Deprecated NumPy 2.4)
  entry = pickle.load(f, encoding="latin1")
Using device: cuda

Loading models...
  Loaded budget 0.25 from outputs/dynamic_fixed_25_20260331_142414/best_model.pt
  Loaded budget 0.50 from outputs/dynamic_fixed_50_20260331_125625/best_model.pt
  Loaded budget 0.75 from outputs/dynamic_fixed_75_20260331_142423/best_model.pt
  Loaded budget 1.00 from outputs/baseline_dense_vit_20260323_122212/best_model.pt

Tuning thresholds on val set...
  t=[0.3,0.3,0.3] acc=0.7629 flops=0.6889G counts=[9865, 128, 6, 1]
  t=[0.3,0.3,0.4] acc=0.7629 flops=0.6889G counts=[9865, 128, 6, 1]
  t=[0.3,0.3,0.5] acc=0.7629 flops=0.6889G counts=[9865, 128, 5, 2]
  t=[0.3,0.3,0.6] acc=0.7630 flops=0.6889G counts=[9865, 128, 3, 4]
  t=[0.3,0.3,0.7] acc=0.7630 flops=0.6889G counts=[9865, 128, 3, 4]
  t=[0.3,0.3,0.8] acc=0.7630 flops=0.6889G counts=[9865, 128, 3, 4]
  t=[0.3,0.3,0.9] acc=0.7630 flops=0.6889G counts=[9865, 128, 1, 6]
  t=[0.3,0.4,0.3] acc=0.7630 flops=0.6890G counts=[9865, 117, 17, 1]
  t=[0.3,0.4,0.4] acc=0.7629 flops=0.6890G counts=[9865, 117, 16, 2]
  t=[0.3,0.4,0.5] acc=0.7629 flops=0.6891G counts=[9865, 117, 12, 6]
  t=[0.3,0.4,0.6] acc=0.7631 flops=0.6891G counts=[9865, 117, 9, 9]
  t=[0.3,0.4,0.7] acc=0.7631 flops=0.6891G counts=[9865, 117, 9, 9]
  t=[0.3,0.4,0.8] acc=0.7631 flops=0.6891G counts=[9865, 117, 7, 11]
  t=[0.3,0.4,0.9] acc=0.7631 flops=0.6892G counts=[9865, 117, 5, 13]
  t=[0.3,0.5,0.3] acc=0.7629 flops=0.6892G counts=[9865, 103, 29, 3]
  t=[0.3,0.5,0.4] acc=0.7628 flops=0.6893G counts=[9865, 103, 27, 5]
  t=[0.3,0.5,0.5] acc=0.7628 flops=0.6893G counts=[9865, 103, 23, 9]
  t=[0.3,0.5,0.6] acc=0.7630 flops=0.6893G counts=[9865, 103, 20, 12]
  t=[0.3,0.5,0.7] acc=0.7629 flops=0.6894G counts=[9865, 103, 16, 16]
  t=[0.3,0.5,0.8] acc=0.7629 flops=0.6894G counts=[9865, 103, 13, 19]
  t=[0.3,0.5,0.9] acc=0.7630 flops=0.6895G counts=[9865, 103, 6, 26]
  t=[0.3,0.6,0.3] acc=0.7629 flops=0.6894G counts=[9865, 89, 42, 4]
  t=[0.3,0.6,0.4] acc=0.7628 flops=0.6895G counts=[9865, 89, 38, 8]
  t=[0.3,0.6,0.5] acc=0.7628 flops=0.6895G counts=[9865, 89, 33, 13]
  t=[0.3,0.6,0.6] acc=0.7630 flops=0.6896G counts=[9865, 89, 30, 16]
  t=[0.3,0.6,0.7] acc=0.7629 flops=0.6896G counts=[9865, 89, 25, 21]
  t=[0.3,0.6,0.8] acc=0.7629 flops=0.6897G counts=[9865, 89, 19, 27]
  t=[0.3,0.6,0.9] acc=0.7629 flops=0.6898G counts=[9865, 89, 11, 35]
  t=[0.3,0.7,0.3] acc=0.7630 flops=0.6896G counts=[9865, 75, 55, 5]
  t=[0.3,0.7,0.4] acc=0.7629 flops=0.6897G counts=[9865, 75, 49, 11]
  t=[0.3,0.7,0.5] acc=0.7629 flops=0.6898G counts=[9865, 75, 44, 16]
  t=[0.3,0.7,0.6] acc=0.7631 flops=0.6898G counts=[9865, 75, 41, 19]
  t=[0.3,0.7,0.7] acc=0.7630 flops=0.6899G counts=[9865, 75, 34, 26]
  t=[0.3,0.7,0.8] acc=0.7630 flops=0.6900G counts=[9865, 75, 25, 35]
  t=[0.3,0.7,0.9] acc=0.7630 flops=0.6901G counts=[9865, 75, 15, 45]
  t=[0.3,0.8,0.3] acc=0.7630 flops=0.6898G counts=[9865, 63, 66, 6]
  t=[0.3,0.8,0.4] acc=0.7630 flops=0.6899G counts=[9865, 63, 58, 14]
  t=[0.3,0.8,0.5] acc=0.7631 flops=0.6900G counts=[9865, 63, 50, 22]
  t=[0.3,0.8,0.6] acc=0.7633 flops=0.6900G counts=[9865, 63, 46, 26]
  t=[0.3,0.8,0.7] acc=0.7632 flops=0.6902G counts=[9865, 63, 38, 34]
  t=[0.3,0.8,0.8] acc=0.7632 flops=0.6903G counts=[9865, 63, 29, 43]
  t=[0.3,0.8,0.9] acc=0.7633 flops=0.6904G counts=[9865, 63, 18, 54]
  t=[0.3,0.9,0.3] acc=0.7631 flops=0.6900G counts=[9865, 50, 79, 6]
  t=[0.3,0.9,0.4] acc=0.7631 flops=0.6901G counts=[9865, 50, 70, 15]
  t=[0.3,0.9,0.5] acc=0.7632 flops=0.6902G counts=[9865, 50, 62, 23]
  t=[0.3,0.9,0.6] acc=0.7634 flops=0.6902G counts=[9865, 50, 58, 27]
  t=[0.3,0.9,0.7] acc=0.7632 flops=0.6904G counts=[9865, 50, 47, 38]
  t=[0.3,0.9,0.8] acc=0.7631 flops=0.6905G counts=[9865, 50, 36, 49]
  t=[0.3,0.9,0.9] acc=0.7632 flops=0.6907G counts=[9865, 50, 23, 62]
  t=[0.4,0.3,0.3] acc=0.7676 flops=0.6923G counts=[9611, 373, 14, 2]
  t=[0.4,0.3,0.4] acc=0.7677 flops=0.6924G counts=[9611, 373, 11, 5]
  t=[0.4,0.3,0.5] acc=0.7677 flops=0.6924G counts=[9611, 373, 7, 9]
  t=[0.4,0.3,0.6] acc=0.7678 flops=0.6924G counts=[9611, 373, 5, 11]
  t=[0.4,0.3,0.7] acc=0.7678 flops=0.6924G counts=[9611, 373, 5, 11]
  t=[0.4,0.3,0.8] acc=0.7678 flops=0.6925G counts=[9611, 373, 4, 12]
  t=[0.4,0.3,0.9] acc=0.7678 flops=0.6925G counts=[9611, 373, 1, 15]
  t=[0.4,0.4,0.3] acc=0.7677 flops=0.6927G counts=[9611, 346, 39, 4]
  t=[0.4,0.4,0.4] acc=0.7676 flops=0.6928G counts=[9611, 346, 33, 10]
  t=[0.4,0.4,0.5] acc=0.7678 flops=0.6929G counts=[9611, 346, 24, 19]
  t=[0.4,0.4,0.6] acc=0.7680 flops=0.6930G counts=[9611, 346, 20, 23]
  t=[0.4,0.4,0.7] acc=0.7681 flops=0.6930G counts=[9611, 346, 19, 24]
  t=[0.4,0.4,0.8] acc=0.7680 flops=0.6930G counts=[9611, 346, 13, 30]
  t=[0.4,0.4,0.9] acc=0.7680 flops=0.6931G counts=[9611, 346, 9, 34]
  t=[0.4,0.5,0.3] acc=0.7677 flops=0.6932G counts=[9611, 313, 70, 6]
  t=[0.4,0.5,0.4] acc=0.7676 flops=0.6933G counts=[9611, 313, 61, 15]
  t=[0.4,0.5,0.5] acc=0.7678 flops=0.6934G counts=[9611, 313, 51, 25]
  t=[0.4,0.5,0.6] acc=0.7680 flops=0.6935G counts=[9611, 313, 45, 31]
  t=[0.4,0.5,0.7] acc=0.7679 flops=0.6936G counts=[9611, 313, 37, 39]
  t=[0.4,0.5,0.8] acc=0.7679 flops=0.6937G counts=[9611, 313, 28, 48]
  t=[0.4,0.5,0.9] acc=0.7680 flops=0.6938G counts=[9611, 313, 18, 58]
  t=[0.4,0.6,0.3] acc=0.7679 flops=0.6937G counts=[9611, 271, 111, 7]
  t=[0.4,0.6,0.4] acc=0.7678 flops=0.6939G counts=[9611, 271, 98, 20]
  t=[0.4,0.6,0.5] acc=0.7681 flops=0.6941G counts=[9611, 271, 84, 34]
  t=[0.4,0.6,0.6] acc=0.7684 flops=0.6942G counts=[9611, 271, 72, 46]
  t=[0.4,0.6,0.7] acc=0.7685 flops=0.6944G counts=[9611, 271, 60, 58]
  t=[0.4,0.6,0.8] acc=0.7686 flops=0.6946G counts=[9611, 271, 45, 73]
  t=[0.4,0.6,0.9] acc=0.7686 flops=0.6948G counts=[9611, 271, 31, 87]
  t=[0.4,0.7,0.3] acc=0.7680 flops=0.6943G counts=[9611, 232, 148, 9]
  t=[0.4,0.7,0.4] acc=0.7682 flops=0.6945G counts=[9611, 232, 130, 27]
  t=[0.4,0.7,0.5] acc=0.7684 flops=0.6947G counts=[9611, 232, 112, 45]
  t=[0.4,0.7,0.6] acc=0.7687 flops=0.6949G counts=[9611, 232, 98, 59]
  t=[0.4,0.7,0.7] acc=0.7688 flops=0.6951G counts=[9611, 232, 84, 73]
  t=[0.4,0.7,0.8] acc=0.7690 flops=0.6954G counts=[9611, 232, 62, 95]
  t=[0.4,0.7,0.9] acc=0.7690 flops=0.6956G counts=[9611, 232, 46, 111]
  t=[0.4,0.8,0.3] acc=0.7682 flops=0.6948G counts=[9611, 196, 182, 11]
  t=[0.4,0.8,0.4] acc=0.7685 flops=0.6950G counts=[9611, 196, 162, 31]
  t=[0.4,0.8,0.5] acc=0.7688 flops=0.6954G counts=[9611, 196, 137, 56]
  t=[0.4,0.8,0.6] acc=0.7691 flops=0.6956G counts=[9611, 196, 118, 75]
  t=[0.4,0.8,0.7] acc=0.7693 flops=0.6958G counts=[9611, 196, 102, 91]
  t=[0.4,0.8,0.8] acc=0.7695 flops=0.6961G counts=[9611, 196, 77, 116]
  t=[0.4,0.8,0.9] acc=0.7696 flops=0.6964G counts=[9611, 196, 57, 136]
  t=[0.4,0.9,0.3] acc=0.7678 flops=0.6955G counts=[9611, 142, 233, 14]
  t=[0.4,0.9,0.4] acc=0.7682 flops=0.6958G counts=[9611, 142, 209, 38]
  t=[0.4,0.9,0.5] acc=0.7685 flops=0.6962G counts=[9611, 142, 180, 67]
  t=[0.4,0.9,0.6] acc=0.7689 flops=0.6965G counts=[9611, 142, 156, 91]
  t=[0.4,0.9,0.7] acc=0.7689 flops=0.6968G counts=[9611, 142, 133, 114]
  t=[0.4,0.9,0.8] acc=0.7689 flops=0.6972G counts=[9611, 142, 101, 146]
  t=[0.4,0.9,0.9] acc=0.7692 flops=0.6976G counts=[9611, 142, 72, 175]
  t=[0.5,0.3,0.3] acc=0.7751 flops=0.6976G counts=[9219, 754, 24, 3]
  t=[0.5,0.3,0.4] acc=0.7752 flops=0.6977G counts=[9219, 754, 20, 7]
  t=[0.5,0.3,0.5] acc=0.7752 flops=0.6977G counts=[9219, 754, 16, 11]
  t=[0.5,0.3,0.6] acc=0.7753 flops=0.6978G counts=[9219, 754, 13, 14]
  t=[0.5,0.3,0.7] acc=0.7753 flops=0.6978G counts=[9219, 754, 11, 16]
  t=[0.5,0.3,0.8] acc=0.7754 flops=0.6978G counts=[9219, 754, 9, 18]
  t=[0.5,0.3,0.9] acc=0.7753 flops=0.6979G counts=[9219, 754, 4, 23]
  t=[0.5,0.4,0.3] acc=0.7750 flops=0.6983G counts=[9219, 705, 71, 5]
  t=[0.5,0.4,0.4] acc=0.7749 flops=0.6984G counts=[9219, 705, 63, 13]
  t=[0.5,0.4,0.5] acc=0.7752 flops=0.6986G counts=[9219, 705, 50, 26]
  t=[0.5,0.4,0.6] acc=0.7755 flops=0.6987G counts=[9219, 705, 41, 35]
  t=[0.5,0.4,0.7] acc=0.7756 flops=0.6987G counts=[9219, 705, 36, 40]
  t=[0.5,0.4,0.8] acc=0.7758 flops=0.6989G counts=[9219, 705, 26, 50]
  t=[0.5,0.4,0.9] acc=0.7758 flops=0.6990G counts=[9219, 705, 18, 58]
  t=[0.5,0.5,0.3] acc=0.7754 flops=0.6992G counts=[9219, 637, 136, 8]
  t=[0.5,0.5,0.4] acc=0.7754 flops=0.6994G counts=[9219, 637, 122, 22]
  t=[0.5,0.5,0.5] acc=0.7757 flops=0.6996G counts=[9219, 637, 106, 38]
  t=[0.5,0.5,0.6] acc=0.7760 flops=0.6998G counts=[9219, 637, 93, 51]
  t=[0.5,0.5,0.7] acc=0.7761 flops=0.7000G counts=[9219, 637, 74, 70]
  t=[0.5,0.5,0.8] acc=0.7766 flops=0.7003G counts=[9219, 637, 54, 90]
  t=[0.5,0.5,0.9] acc=0.7768 flops=0.7005G counts=[9219, 637, 38, 106]
  t=[0.5,0.6,0.3] acc=0.7764 flops=0.7003G counts=[9219, 560, 211, 10]
  t=[0.5,0.6,0.4] acc=0.7764 flops=0.7005G counts=[9219, 560, 192, 29]
  t=[0.5,0.6,0.5] acc=0.7767 flops=0.7008G counts=[9219, 560, 167, 54]
  t=[0.5,0.6,0.6] acc=0.7770 flops=0.7011G counts=[9219, 560, 144, 77]
  t=[0.5,0.6,0.7] acc=0.7774 flops=0.7015G counts=[9219, 560, 116, 105]
  t=[0.5,0.6,0.8] acc=0.7779 flops=0.7019G counts=[9219, 560, 86, 135]
  t=[0.5,0.6,0.9] acc=0.7780 flops=0.7022G counts=[9219, 560, 61, 160]
  t=[0.5,0.7,0.3] acc=0.7774 flops=0.7012G counts=[9219, 489, 278, 14]
  t=[0.5,0.7,0.4] acc=0.7777 flops=0.7016G counts=[9219, 489, 254, 38]
  t=[0.5,0.7,0.5] acc=0.7778 flops=0.7020G counts=[9219, 489, 223, 69]
  t=[0.5,0.7,0.6] acc=0.7780 flops=0.7023G counts=[9219, 489, 194, 98]
  t=[0.5,0.7,0.7] acc=0.7783 flops=0.7028G counts=[9219, 489, 157, 135]
  t=[0.5,0.7,0.8] acc=0.7788 flops=0.7034G counts=[9219, 489, 115, 177]
  t=[0.5,0.7,0.9] acc=0.7790 flops=0.7037G counts=[9219, 489, 86, 206]
  t=[0.5,0.8,0.3] acc=0.7782 flops=0.7023G counts=[9219, 412, 352, 17]
  t=[0.5,0.8,0.4] acc=0.7786 flops=0.7026G counts=[9219, 412, 325, 44]
  t=[0.5,0.8,0.5] acc=0.7789 flops=0.7031G counts=[9219, 412, 286, 83]
  t=[0.5,0.8,0.6] acc=0.7791 flops=0.7036G counts=[9219, 412, 250, 119]
  t=[0.5,0.8,0.7] acc=0.7797 flops=0.7042G counts=[9219, 412, 207, 162]
  t=[0.5,0.8,0.8] acc=0.7805 flops=0.7049G counts=[9219, 412, 150, 219]
  t=[0.5,0.8,0.9] acc=0.7808 flops=0.7054G counts=[9219, 412, 111, 258]
  t=[0.5,0.9,0.3] acc=0.7778 flops=0.7037G counts=[9219, 308, 450, 23]
  t=[0.5,0.9,0.4] acc=0.7782 flops=0.7042G counts=[9219, 308, 416, 57]
  t=[0.5,0.9,0.5] acc=0.7784 flops=0.7048G counts=[9219, 308, 369, 104]
  t=[0.5,0.9,0.6] acc=0.7787 flops=0.7054G counts=[9219, 308, 320, 153]
  t=[0.5,0.9,0.7] acc=0.7793 flops=0.7061G counts=[9219, 308, 265, 208]
  t=[0.5,0.9,0.8] acc=0.7801 flops=0.7070G counts=[9219, 308, 196, 277]
  t=[0.5,0.9,0.9] acc=0.7806 flops=0.7077G counts=[9219, 308, 142, 331]
  t=[0.6,0.3,0.3] acc=0.7855 flops=0.7047G counts=[8684, 1281, 32, 3]
  t=[0.6,0.3,0.4] acc=0.7857 flops=0.7048G counts=[8684, 1281, 27, 8]
  t=[0.6,0.3,0.5] acc=0.7857 flops=0.7049G counts=[8684, 1281, 22, 13]
  t=[0.6,0.3,0.6] acc=0.7858 flops=0.7049G counts=[8684, 1281, 18, 17]
  t=[0.6,0.3,0.7] acc=0.7858 flops=0.7050G counts=[8684, 1281, 15, 20]
  t=[0.6,0.3,0.8] acc=0.7859 flops=0.7050G counts=[8684, 1281, 11, 24]
  t=[0.6,0.3,0.9] acc=0.7857 flops=0.7051G counts=[8684, 1281, 5, 30]
  t=[0.6,0.4,0.3] acc=0.7858 flops=0.7058G counts=[8684, 1205, 105, 6]
  t=[0.6,0.4,0.4] acc=0.7859 flops=0.7059G counts=[8684, 1205, 93, 18]
  t=[0.6,0.4,0.5] acc=0.7859 flops=0.7062G counts=[8684, 1205, 73, 38]
  t=[0.6,0.4,0.6] acc=0.7862 flops=0.7063G counts=[8684, 1205, 62, 49]
  t=[0.6,0.4,0.7] acc=0.7863 flops=0.7064G counts=[8684, 1205, 54, 57]
  t=[0.6,0.4,0.8] acc=0.7866 flops=0.7066G counts=[8684, 1205, 39, 72]
  t=[0.6,0.4,0.9] acc=0.7865 flops=0.7068G counts=[8684, 1205, 26, 85]
  t=[0.6,0.5,0.3] acc=0.7868 flops=0.7069G counts=[8684, 1119, 188, 9]
  t=[0.6,0.5,0.4] acc=0.7870 flops=0.7072G counts=[8684, 1119, 169, 28]
  t=[0.6,0.5,0.5] acc=0.7869 flops=0.7075G counts=[8684, 1119, 144, 53]
  t=[0.6,0.5,0.6] acc=0.7872 flops=0.7077G counts=[8684, 1119, 128, 69]
  t=[0.6,0.5,0.7] acc=0.7872 flops=0.7080G counts=[8684, 1119, 105, 92]
  t=[0.6,0.5,0.8] acc=0.7878 flops=0.7084G counts=[8684, 1119, 78, 119]
  t=[0.6,0.5,0.9] acc=0.7878 flops=0.7087G counts=[8684, 1119, 53, 144]
  t=[0.6,0.6,0.3] acc=0.7885 flops=0.7086G counts=[8684, 995, 308, 13]
  t=[0.6,0.6,0.4] acc=0.7887 flops=0.7090G counts=[8684, 995, 282, 39]
  t=[0.6,0.6,0.5] acc=0.7889 flops=0.7095G counts=[8684, 995, 242, 79]
  t=[0.6,0.6,0.6] acc=0.7890 flops=0.7099G counts=[8684, 995, 211, 110]
  t=[0.6,0.6,0.7] acc=0.7894 flops=0.7103G counts=[8684, 995, 175, 146]
  t=[0.6,0.6,0.8] acc=0.7898 flops=0.7109G counts=[8684, 995, 132, 189]
  t=[0.6,0.6,0.9] acc=0.7893 flops=0.7115G counts=[8684, 995, 89, 232]
  t=[0.6,0.7,0.3] acc=0.7895 flops=0.7102G counts=[8684, 879, 418, 19]
  t=[0.6,0.7,0.4] acc=0.7899 flops=0.7106G counts=[8684, 879, 385, 52]
  t=[0.6,0.7,0.5] acc=0.7897 flops=0.7113G counts=[8684, 879, 335, 102]
  t=[0.6,0.7,0.6] acc=0.7899 flops=0.7118G counts=[8684, 879, 293, 144]
  t=[0.6,0.7,0.7] acc=0.7904 flops=0.7125G counts=[8684, 879, 245, 192]
  t=[0.6,0.7,0.8] acc=0.7908 flops=0.7132G counts=[8684, 879, 189, 248]
  t=[0.6,0.7,0.9] acc=0.7904 flops=0.7139G counts=[8684, 879, 132, 305]
  t=[0.6,0.8,0.3] acc=0.7898 flops=0.7119G counts=[8684, 756, 537, 23]
  t=[0.6,0.8,0.4] acc=0.7903 flops=0.7124G counts=[8684, 756, 500, 60]
  t=[0.6,0.8,0.5] acc=0.7904 flops=0.7132G counts=[8684, 756, 438, 122]
  t=[0.6,0.8,0.6] acc=0.7909 flops=0.7139G counts=[8684, 756, 382, 178]
  t=[0.6,0.8,0.7] acc=0.7917 flops=0.7147G counts=[8684, 756, 323, 237]
  t=[0.6,0.8,0.8] acc=0.7924 flops=0.7157G counts=[8684, 756, 246, 314]
  t=[0.6,0.8,0.9] acc=0.7923 flops=0.7167G counts=[8684, 756, 169, 391]
  t=[0.6,0.9,0.3] acc=0.7891 flops=0.7141G counts=[8684, 594, 693, 29]
  t=[0.6,0.9,0.4] acc=0.7897 flops=0.7147G counts=[8684, 594, 646, 76]
  t=[0.6,0.9,0.5] acc=0.7897 flops=0.7156G counts=[8684, 594, 573, 149]
  t=[0.6,0.9,0.6] acc=0.7906 flops=0.7166G counts=[8684, 594, 495, 227]
  t=[0.6,0.9,0.7] acc=0.7914 flops=0.7176G counts=[8684, 594, 418, 304]
  t=[0.6,0.9,0.8] acc=0.7920 flops=0.7188G counts=[8684, 594, 327, 395]
  t=[0.6,0.9,0.9] acc=0.7923 flops=0.7201G counts=[8684, 594, 227, 495]
  t=[0.7,0.3,0.3] acc=0.7927 flops=0.7118G counts=[8149, 1814, 34, 3]
  t=[0.7,0.3,0.4] acc=0.7929 flops=0.7118G counts=[8149, 1814, 29, 8]
  t=[0.7,0.3,0.5] acc=0.7929 flops=0.7119G counts=[8149, 1814, 24, 13]
  t=[0.7,0.3,0.6] acc=0.7930 flops=0.7120G counts=[8149, 1814, 20, 17]
  t=[0.7,0.3,0.7] acc=0.7930 flops=0.7120G counts=[8149, 1814, 16, 21]
  t=[0.7,0.3,0.8] acc=0.7931 flops=0.7121G counts=[8149, 1814, 12, 25]
  t=[0.7,0.3,0.9] acc=0.7929 flops=0.7121G counts=[8149, 1814, 6, 31]
  t=[0.7,0.4,0.3] acc=0.7937 flops=0.7131G counts=[8149, 1716, 129, 6]
  t=[0.7,0.4,0.4] acc=0.7938 flops=0.7133G counts=[8149, 1716, 115, 20]
  t=[0.7,0.4,0.5] acc=0.7938 flops=0.7136G counts=[8149, 1716, 93, 42]
  t=[0.7,0.4,0.6] acc=0.7940 flops=0.7137G counts=[8149, 1716, 81, 54]
  t=[0.7,0.4,0.7] acc=0.7941 flops=0.7139G counts=[8149, 1716, 67, 68]
  t=[0.7,0.4,0.8] acc=0.7944 flops=0.7141G counts=[8149, 1716, 52, 83]
  t=[0.7,0.4,0.9] acc=0.7942 flops=0.7143G counts=[8149, 1716, 37, 98]
  t=[0.7,0.5,0.3] acc=0.7950 flops=0.7146G counts=[8149, 1606, 233, 12]
  t=[0.7,0.5,0.4] acc=0.7953 flops=0.7150G counts=[8149, 1606, 207, 38]
  t=[0.7,0.5,0.5] acc=0.7952 flops=0.7154G counts=[8149, 1606, 176, 69]
  t=[0.7,0.5,0.6] acc=0.7953 flops=0.7156G counts=[8149, 1606, 157, 88]
  t=[0.7,0.5,0.7] acc=0.7953 flops=0.7160G counts=[8149, 1606, 127, 118]
  t=[0.7,0.5,0.8] acc=0.7960 flops=0.7164G counts=[8149, 1606, 98, 147]
  t=[0.7,0.5,0.9] acc=0.7959 flops=0.7167G counts=[8149, 1606, 71, 174]
  t=[0.7,0.6,0.3] acc=0.7970 flops=0.7168G counts=[8149, 1447, 386, 18]
  t=[0.7,0.6,0.4] acc=0.7973 flops=0.7172G counts=[8149, 1447, 351, 53]
  t=[0.7,0.6,0.5] acc=0.7975 flops=0.7178G counts=[8149, 1447, 305, 99]
  t=[0.7,0.6,0.6] acc=0.7976 flops=0.7183G counts=[8149, 1447, 265, 139]
  t=[0.7,0.6,0.7] acc=0.7977 flops=0.7190G counts=[8149, 1447, 218, 186]
  t=[0.7,0.6,0.8] acc=0.7983 flops=0.7196G counts=[8149, 1447, 168, 236]
  t=[0.7,0.6,0.9] acc=0.7979 flops=0.7203G counts=[8149, 1447, 117, 287]
  t=[0.7,0.7,0.3] acc=0.7984 flops=0.7190G counts=[8149, 1289, 535, 27]
  t=[0.7,0.7,0.4] acc=0.7991 flops=0.7195G counts=[8149, 1289, 491, 71]
  t=[0.7,0.7,0.5] acc=0.7989 flops=0.7203G counts=[8149, 1289, 435, 127]
  t=[0.7,0.7,0.6] acc=0.7990 flops=0.7209G counts=[8149, 1289, 383, 179]
  t=[0.7,0.7,0.7] acc=0.7993 flops=0.7218G counts=[8149, 1289, 315, 247]
  t=[0.7,0.7,0.8] acc=0.8000 flops=0.7227G counts=[8149, 1289, 245, 317]
  t=[0.7,0.7,0.9] acc=0.7996 flops=0.7237G counts=[8149, 1289, 172, 390]
  t=[0.7,0.8,0.3] acc=0.7992 flops=0.7212G counts=[8149, 1125, 695, 31]
  t=[0.7,0.8,0.4] acc=0.8001 flops=0.7218G counts=[8149, 1125, 646, 80]
  t=[0.7,0.8,0.5] acc=0.8003 flops=0.7227G counts=[8149, 1125, 574, 152]
  t=[0.7,0.8,0.6] acc=0.8007 flops=0.7236G counts=[8149, 1125, 504, 222]
  t=[0.7,0.8,0.7] acc=0.8014 flops=0.7247G counts=[8149, 1125, 420, 306]
  t=[0.7,0.8,0.8] acc=0.8024 flops=0.7260G counts=[8149, 1125, 326, 400]
  t=[0.7,0.8,0.9] acc=0.8024 flops=0.7273G counts=[8149, 1125, 225, 501]
  t=[0.7,0.9,0.3] acc=0.7985 flops=0.7243G counts=[8149, 889, 924, 38]
  t=[0.7,0.9,0.4] acc=0.7995 flops=0.7252G counts=[8149, 889, 862, 100]
  t=[0.7,0.9,0.5] acc=0.7995 flops=0.7263G counts=[8149, 889, 771, 191]
  t=[0.7,0.9,0.6] acc=0.8003 flops=0.7276G counts=[8149, 889, 676, 286]
  t=[0.7,0.9,0.7] acc=0.8012 flops=0.7290G counts=[8149, 889, 564, 398]
  t=[0.7,0.9,0.8] acc=0.8023 flops=0.7305G counts=[8149, 889, 447, 515]
  t=[0.7,0.9,0.9] acc=0.8026 flops=0.7323G counts=[8149, 889, 315, 647]
  t=[0.8,0.3,0.3] acc=0.7975 flops=0.7196G counts=[7558, 2397, 42, 3]
  t=[0.8,0.3,0.4] acc=0.7977 flops=0.7197G counts=[7558, 2397, 36, 9]
  t=[0.8,0.3,0.5] acc=0.7978 flops=0.7198G counts=[7558, 2397, 28, 17]
  t=[0.8,0.3,0.6] acc=0.7979 flops=0.7199G counts=[7558, 2397, 23, 22]
  t=[0.8,0.3,0.7] acc=0.7979 flops=0.7199G counts=[7558, 2397, 19, 26]
  t=[0.8,0.3,0.8] acc=0.7980 flops=0.7200G counts=[7558, 2397, 14, 31]
  t=[0.8,0.3,0.9] acc=0.7978 flops=0.7201G counts=[7558, 2397, 8, 37]
  t=[0.8,0.4,0.3] acc=0.7992 flops=0.7211G counts=[7558, 2289, 146, 7]
  t=[0.8,0.4,0.4] acc=0.7993 flops=0.7213G counts=[7558, 2289, 131, 22]
  t=[0.8,0.4,0.5] acc=0.7993 flops=0.7216G counts=[7558, 2289, 104, 49]
  t=[0.8,0.4,0.6] acc=0.7995 flops=0.7218G counts=[7558, 2289, 91, 62]
  t=[0.8,0.4,0.7] acc=0.7996 flops=0.7220G counts=[7558, 2289, 77, 76]
  t=[0.8,0.4,0.8] acc=0.7999 flops=0.7222G counts=[7558, 2289, 60, 93]
  t=[0.8,0.4,0.9] acc=0.7997 flops=0.7224G counts=[7558, 2289, 44, 109]
  t=[0.8,0.5,0.3] acc=0.8015 flops=0.7231G counts=[7558, 2146, 280, 16]
  t=[0.8,0.5,0.4] acc=0.8018 flops=0.7235G counts=[7558, 2146, 251, 45]
  t=[0.8,0.5,0.5] acc=0.8017 flops=0.7240G counts=[7558, 2146, 212, 84]
  t=[0.8,0.5,0.6] acc=0.8018 flops=0.7242G counts=[7558, 2146, 190, 106]
  t=[0.8,0.5,0.7] acc=0.8019 flops=0.7247G counts=[7558, 2146, 153, 143]
  t=[0.8,0.5,0.8] acc=0.8025 flops=0.7252G counts=[7558, 2146, 119, 177]
  t=[0.8,0.5,0.9] acc=0.8023 flops=0.7256G counts=[7558, 2146, 89, 207]
  t=[0.8,0.6,0.3] acc=0.8044 flops=0.7260G counts=[7558, 1930, 487, 25]
  t=[0.8,0.6,0.4] acc=0.8049 flops=0.7266G counts=[7558, 1930, 446, 66]
  t=[0.8,0.6,0.5] acc=0.8051 flops=0.7273G counts=[7558, 1930, 388, 124]
  t=[0.8,0.6,0.6] acc=0.8052 flops=0.7279G counts=[7558, 1930, 343, 169]
  t=[0.8,0.6,0.7] acc=0.8057 flops=0.7287G counts=[7558, 1930, 284, 228]
  t=[0.8,0.6,0.8] acc=0.8061 flops=0.7295G counts=[7558, 1930, 220, 292]
  t=[0.8,0.6,0.9] acc=0.8055 flops=0.7303G counts=[7558, 1930, 161, 351]
  t=[0.8,0.7,0.3] acc=0.8065 flops=0.7288G counts=[7558, 1732, 672, 38]
  t=[0.8,0.7,0.4] acc=0.8073 flops=0.7294G counts=[7558, 1732, 621, 89]
  t=[0.8,0.7,0.5] acc=0.8072 flops=0.7304G counts=[7558, 1732, 551, 159]
  t=[0.8,0.7,0.6] acc=0.8074 flops=0.7312G counts=[7558, 1732, 488, 222]
  t=[0.8,0.7,0.7] acc=0.8081 flops=0.7322G counts=[7558, 1732, 406, 304]
  t=[0.8,0.7,0.8] acc=0.8085 flops=0.7334G counts=[7558, 1732, 318, 392]
  t=[0.8,0.7,0.9] acc=0.8080 flops=0.7345G counts=[7558, 1732, 234, 476]
  t=[0.8,0.8,0.3] acc=0.8080 flops=0.7315G counts=[7558, 1528, 870, 44]
  t=[0.8,0.8,0.4] acc=0.8090 flops=0.7323G counts=[7558, 1528, 814, 100]
  t=[0.8,0.8,0.5] acc=0.8093 flops=0.7334G counts=[7558, 1528, 727, 187]
  t=[0.8,0.8,0.6] acc=0.8095 flops=0.7345G counts=[7558, 1528, 642, 272]
  t=[0.8,0.8,0.7] acc=0.8106 flops=0.7359G counts=[7558, 1528, 534, 380]
  t=[0.8,0.8,0.8] acc=0.8114 flops=0.7374G counts=[7558, 1528, 417, 497]
  t=[0.8,0.8,0.9] acc=0.8115 flops=0.7390G counts=[7558, 1528, 298, 616]
  t=[0.8,0.9,0.3] acc=0.8072 flops=0.7356G counts=[7558, 1227, 1164, 51]
  t=[0.8,0.9,0.4] acc=0.8084 flops=0.7365G counts=[7558, 1227, 1093, 122]
  t=[0.8,0.9,0.5] acc=0.8085 flops=0.7379G counts=[7558, 1227, 984, 231]
  t=[0.8,0.9,0.6] acc=0.8094 flops=0.7394G counts=[7558, 1227, 866, 349]
  t=[0.8,0.9,0.7] acc=0.8109 flops=0.7413G counts=[7558, 1227, 723, 492]
  t=[0.8,0.9,0.8] acc=0.8116 flops=0.7432G counts=[7558, 1227, 577, 638]
  t=[0.8,0.9,0.9] acc=0.8121 flops=0.7453G counts=[7558, 1227, 417, 798]
  t=[0.9,0.3,0.3] acc=0.7995 flops=0.7306G counts=[6723, 3225, 49, 3]
  t=[0.9,0.3,0.4] acc=0.7997 flops=0.7307G counts=[6723, 3225, 43, 9]
  t=[0.9,0.3,0.5] acc=0.7998 flops=0.7308G counts=[6723, 3225, 35, 17]
  t=[0.9,0.3,0.6] acc=0.7999 flops=0.7309G counts=[6723, 3225, 29, 23]
  t=[0.9,0.3,0.7] acc=0.7999 flops=0.7310G counts=[6723, 3225, 24, 28]
  t=[0.9,0.3,0.8] acc=0.8000 flops=0.7310G counts=[6723, 3225, 19, 33]
  t=[0.9,0.3,0.9] acc=0.7998 flops=0.7311G counts=[6723, 3225, 13, 39]
  t=[0.9,0.4,0.3] acc=0.8017 flops=0.7324G counts=[6723, 3095, 173, 9]
  t=[0.9,0.4,0.4] acc=0.8019 flops=0.7326G counts=[6723, 3095, 157, 25]
  t=[0.9,0.4,0.5] acc=0.8019 flops=0.7330G counts=[6723, 3095, 128, 54]
  t=[0.9,0.4,0.6] acc=0.8020 flops=0.7333G counts=[6723, 3095, 109, 73]
  t=[0.9,0.4,0.7] acc=0.8021 flops=0.7335G counts=[6723, 3095, 92, 90]
  t=[0.9,0.4,0.8] acc=0.8024 flops=0.7337G counts=[6723, 3095, 73, 109]
  t=[0.9,0.4,0.9] acc=0.8021 flops=0.7340G counts=[6723, 3095, 54, 128]
  t=[0.9,0.5,0.3] acc=0.8043 flops=0.7349G counts=[6723, 2915, 343, 19]
  t=[0.9,0.5,0.4] acc=0.8048 flops=0.7354G counts=[6723, 2915, 307, 55]
  t=[0.9,0.5,0.5] acc=0.8048 flops=0.7359G counts=[6723, 2915, 265, 97]
  t=[0.9,0.5,0.6] acc=0.8047 flops=0.7363G counts=[6723, 2915, 234, 128]
  t=[0.9,0.5,0.7] acc=0.8048 flops=0.7369G counts=[6723, 2915, 189, 173]
  t=[0.9,0.5,0.8] acc=0.8056 flops=0.7374G counts=[6723, 2915, 149, 213]
  t=[0.9,0.5,0.9] acc=0.8053 flops=0.7379G counts=[6723, 2915, 110, 252]
  t=[0.9,0.6,0.3] acc=0.8071 flops=0.7385G counts=[6723, 2654, 595, 28]
  t=[0.9,0.6,0.4] acc=0.8079 flops=0.7391G counts=[6723, 2654, 545, 78]
  t=[0.9,0.6,0.5] acc=0.8082 flops=0.7399G counts=[6723, 2654, 480, 143]
  t=[0.9,0.6,0.6] acc=0.8083 flops=0.7407G counts=[6723, 2654, 421, 202]
  t=[0.9,0.6,0.7] acc=0.8087 flops=0.7416G counts=[6723, 2654, 352, 271]
  t=[0.9,0.6,0.8] acc=0.8092 flops=0.7426G counts=[6723, 2654, 275, 348]
  t=[0.9,0.6,0.9] acc=0.8086 flops=0.7436G counts=[6723, 2654, 200, 423]
  t=[0.9,0.7,0.3] acc=0.8109 flops=0.7421G counts=[6723, 2392, 842, 43]
  t=[0.9,0.7,0.4] acc=0.8119 flops=0.7429G counts=[6723, 2392, 781, 104]
  t=[0.9,0.7,0.5] acc=0.8121 flops=0.7439G counts=[6723, 2392, 700, 185]
  t=[0.9,0.7,0.6] acc=0.8124 flops=0.7450G counts=[6723, 2392, 621, 264]
  t=[0.9,0.7,0.7] acc=0.8131 flops=0.7463G counts=[6723, 2392, 520, 365]
  t=[0.9,0.7,0.8] acc=0.8134 flops=0.7477G counts=[6723, 2392, 413, 472]
  t=[0.9,0.7,0.9] acc=0.8128 flops=0.7491G counts=[6723, 2392, 305, 580]
  t=[0.9,0.8,0.3] acc=0.8125 flops=0.7459G counts=[6723, 2110, 1117, 50]
  t=[0.9,0.8,0.4] acc=0.8137 flops=0.7467G counts=[6723, 2110, 1050, 117]
  t=[0.9,0.8,0.5] acc=0.8143 flops=0.7481G counts=[6723, 2110, 946, 221]
  t=[0.9,0.8,0.6] acc=0.8148 flops=0.7495G counts=[6723, 2110, 840, 327]
  t=[0.9,0.8,0.7] acc=0.8161 flops=0.7512G counts=[6723, 2110, 708, 459]
  t=[0.9,0.8,0.8] acc=0.8168 flops=0.7531G counts=[6723, 2110, 563, 604]
  t=[0.9,0.8,0.9] acc=0.8169 flops=0.7551G counts=[6723, 2110, 409, 758]
  t=[0.9,0.9,0.3] acc=0.8117 flops=0.7509G counts=[6723, 1734, 1485, 58]
  t=[0.9,0.9,0.4] acc=0.8130 flops=0.7520G counts=[6723, 1734, 1402, 141]
  t=[0.9,0.9,0.5] acc=0.8137 flops=0.7537G counts=[6723, 1734, 1270, 273]
  t=[0.9,0.9,0.6] acc=0.8150 flops=0.7556G counts=[6723, 1734, 1124, 419]
  t=[0.9,0.9,0.7] acc=0.8167 flops=0.7579G counts=[6723, 1734, 949, 594]
  t=[0.9,0.9,0.8] acc=0.8177 flops=0.7603G counts=[6723, 1734, 760, 783]
  t=[0.9,0.9,0.9] acc=0.8182 flops=0.7629G counts=[6723, 1734, 558, 985]

============================================================
TOP 10 THRESHOLD COMBINATIONS BY ACCURACY:
============================================================
  thresholds=[0.9,0.9,0.9] acc=0.8182 flops=0.7629G counts=[6723, 1734, 558, 985]
  thresholds=[0.9,0.9,0.8] acc=0.8177 flops=0.7603G counts=[6723, 1734, 760, 783]
  thresholds=[0.9,0.8,0.9] acc=0.8169 flops=0.7551G counts=[6723, 2110, 409, 758]
  thresholds=[0.9,0.8,0.8] acc=0.8168 flops=0.7531G counts=[6723, 2110, 563, 604]
  thresholds=[0.9,0.9,0.7] acc=0.8167 flops=0.7579G counts=[6723, 1734, 949, 594]
  thresholds=[0.9,0.8,0.7] acc=0.8161 flops=0.7512G counts=[6723, 2110, 708, 459]
  thresholds=[0.9,0.9,0.6] acc=0.8150 flops=0.7556G counts=[6723, 1734, 1124, 419]
  thresholds=[0.9,0.8,0.6] acc=0.8148 flops=0.7495G counts=[6723, 2110, 840, 327]
  thresholds=[0.9,0.8,0.5] acc=0.8143 flops=0.7481G counts=[6723, 2110, 946, 221]
  thresholds=[0.9,0.8,0.4] acc=0.8137 flops=0.7467G counts=[6723, 2110, 1050, 117]

TOP 10 THRESHOLD COMBINATIONS BY EFFICIENCY (lowest FLOPs):
============================================================
  thresholds=[0.3,0.3,0.3] acc=0.7629 flops=0.6889G counts=[9865, 128, 6, 1]
  thresholds=[0.3,0.3,0.4] acc=0.7629 flops=0.6889G counts=[9865, 128, 6, 1]
  thresholds=[0.3,0.3,0.5] acc=0.7629 flops=0.6889G counts=[9865, 128, 5, 2]
  thresholds=[0.3,0.3,0.6] acc=0.7630 flops=0.6889G counts=[9865, 128, 3, 4]
  thresholds=[0.3,0.3,0.7] acc=0.7630 flops=0.6889G counts=[9865, 128, 3, 4]
  thresholds=[0.3,0.3,0.8] acc=0.7630 flops=0.6889G counts=[9865, 128, 3, 4]
  thresholds=[0.3,0.3,0.9] acc=0.7630 flops=0.6889G counts=[9865, 128, 1, 6]
  thresholds=[0.3,0.4,0.3] acc=0.7630 flops=0.6890G counts=[9865, 117, 17, 1]
  thresholds=[0.3,0.4,0.4] acc=0.7629 flops=0.6890G counts=[9865, 117, 16, 2]
  thresholds=[0.3,0.4,0.5] acc=0.7629 flops=0.6891G counts=[9865, 117, 12, 6]

All results saved to: /home/arooba/compute-aware-vit-thesis/outputs/cascade_results.json
