nohup: ignoring input
/home/arooba/miniconda3/envs/thesis_env/lib/python3.11/site-packages/torchvision/datasets/cifar.py:83: VisibleDeprecationWarning: dtype(): align should be passed as Python or NumPy boolean but got `align=0`. Did you mean to pass a tuple to create a subarray type? (Deprecated NumPy 2.4)
  entry = pickle.load(f, encoding="latin1")
Warning: You are sending unauthenticated requests to the HF Hub. Please set a HF_TOKEN to enable higher rate limits and faster downloads.
Unsupported operator aten::add encountered 25 time(s)
Unsupported operator aten::scaled_dot_product_attention encountered 12 time(s)
Unsupported operator aten::gelu encountered 12 time(s)
Unsupported operator aten::linalg_vector_norm encountered 1 time(s)
Unsupported operator aten::topk encountered 1 time(s)
The following submodules of the model were never called during the trace of the graph. They may be unused, or they were accessed by direct calls to .forward() or via other python methods. In the latter case they will have zeros for statistics, though their statistics will still contribute to their parent calling module.
backbone.blocks.0.attn.attn_drop, backbone.blocks.1.attn.attn_drop, backbone.blocks.10.attn.attn_drop, backbone.blocks.11.attn.attn_drop, backbone.blocks.2.attn.attn_drop, backbone.blocks.3.attn.attn_drop, backbone.blocks.4.attn.attn_drop, backbone.blocks.5.attn.attn_drop, backbone.blocks.6.attn.attn_drop, backbone.blocks.7.attn.attn_drop, backbone.blocks.8.attn.attn_drop, backbone.blocks.9.attn.attn_drop, backbone.head_drop, controller, controller.net, controller.net.0, controller.net.1, controller.net.2, controller.net.3
Using device: cuda
Outputs will be saved to: outputs/dynamic_ctrl_split_v1_20260423_111832
WeightedRandomSampler enabled — budget class counts: {0: 6051, 1: 817, 2: 308, 3: 824}
Effective class weights: {0: 0.33, 1: 2.45, 2: 6.49, 3: 2.43}
Loaded backbone from outputs/baseline_dense_vit_20260323_122212/best_model.pt
Backbone frozen — training controller only
Total parameters: 5.54M
FLOPs per image: 1.08 GFLOPs
Epoch [1/30] Train Loss: 1.5006 | Train Acc: 0.2514 | Val Loss: 1.4330 | Val Acc: 0.1010
  Train budget counts: [2169, 1329, 2019, 2483]
  Val budget counts: [0, 0, 93, 1907]
Epoch [2/30] Train Loss: 1.3999 | Train Acc: 0.2586 | Val Loss: 1.3939 | Val Acc: 0.0570
  Train budget counts: [2430, 1437, 1825, 2308]
  Val budget counts: [0, 0, 1681, 319]
Epoch [3/30] Train Loss: 1.3914 | Train Acc: 0.2594 | Val Loss: 1.4264 | Val Acc: 0.0765
  Train budget counts: [1197, 2299, 2551, 1953]
  Val budget counts: [0, 1623, 377, 0]
Epoch [4/30] Train Loss: 1.3891 | Train Acc: 0.2579 | Val Loss: 1.4203 | Val Acc: 0.0785
  Train budget counts: [1952, 1497, 1662, 2889]
  Val budget counts: [0, 478, 871, 651]
Epoch [5/30] Train Loss: 1.3871 | Train Acc: 0.2507 | Val Loss: 1.3825 | Val Acc: 0.1810
  Train budget counts: [1079, 2316, 1702, 2903]
  Val budget counts: [249, 2, 238, 1511]
Epoch [6/30] Train Loss: 1.3858 | Train Acc: 0.2672 | Val Loss: 1.3580 | Val Acc: 0.4930
  Train budget counts: [3440, 182, 2429, 1949]
  Val budget counts: [1221, 40, 470, 269]
Epoch [7/30] Train Loss: 1.3859 | Train Acc: 0.2629 | Val Loss: 1.4009 | Val Acc: 0.0930
  Train budget counts: [1836, 545, 3757, 1862]
  Val budget counts: [0, 51, 580, 1369]
Epoch [8/30] Train Loss: 1.3848 | Train Acc: 0.2659 | Val Loss: 1.3976 | Val Acc: 0.1025
  Train budget counts: [1636, 1775, 2431, 2158]
  Val budget counts: [0, 148, 133, 1719]
Epoch [9/30] Train Loss: 1.3861 | Train Acc: 0.2550 | Val Loss: 1.4163 | Val Acc: 0.0945
  Train budget counts: [1961, 1352, 1334, 3353]
  Val budget counts: [0, 73, 377, 1550]
Epoch [10/30] Train Loss: 1.3841 | Train Acc: 0.2632 | Val Loss: 1.4165 | Val Acc: 0.0910
  Train budget counts: [2247, 1949, 1588, 2216]
  Val budget counts: [0, 16, 564, 1420]
Epoch [11/30] Train Loss: 1.3861 | Train Acc: 0.2557 | Val Loss: 1.4080 | Val Acc: 0.0635
  Train budget counts: [215, 2216, 2562, 3007]
  Val budget counts: [0, 725, 1136, 139]
Epoch [12/30] Train Loss: 1.3854 | Train Acc: 0.2610 | Val Loss: 1.3867 | Val Acc: 0.0720
  Train budget counts: [1069, 3507, 2986, 438]
  Val budget counts: [0, 1285, 661, 54]
Epoch [13/30] Train Loss: 1.3844 | Train Acc: 0.2676 | Val Loss: 1.3925 | Val Acc: 0.3745
  Train budget counts: [236, 4294, 2849, 621]
  Val budget counts: [910, 41, 1031, 18]
Epoch [14/30] Train Loss: 1.3854 | Train Acc: 0.2592 | Val Loss: 1.3544 | Val Acc: 0.6550
  Train budget counts: [4683, 348, 2492, 477]
  Val budget counts: [1686, 36, 274, 4]
Epoch [15/30] Train Loss: 1.3848 | Train Acc: 0.2689 | Val Loss: 1.3765 | Val Acc: 0.4545
  Train budget counts: [4100, 97, 3437, 366]
  Val budget counts: [1089, 40, 221, 650]
Epoch [16/30] Train Loss: 1.3854 | Train Acc: 0.2556 | Val Loss: 1.3716 | Val Acc: 0.1965
  Train budget counts: [2881, 709, 2067, 2343]
  Val budget counts: [253, 17, 74, 1656]
Epoch [17/30] Train Loss: 1.3853 | Train Acc: 0.2641 | Val Loss: 1.3757 | Val Acc: 0.4880
  Train budget counts: [2750, 397, 2694, 2159]
  Val budget counts: [1215, 35, 680, 70]
Epoch [18/30] Train Loss: 1.3854 | Train Acc: 0.2609 | Val Loss: 1.3960 | Val Acc: 0.0860
  Train budget counts: [1428, 433, 2342, 3797]
  Val budget counts: [0, 928, 494, 578]
Epoch [19/30] Train Loss: 1.3845 | Train Acc: 0.2649 | Val Loss: 1.3490 | Val Acc: 0.6265
  Train budget counts: [2008, 1824, 2640, 1528]
  Val budget counts: [1611, 14, 327, 48]
Epoch [20/30] Train Loss: 1.3850 | Train Acc: 0.2577 | Val Loss: 1.3992 | Val Acc: 0.0750
  Train budget counts: [1594, 1910, 4386, 110]
  Val budget counts: [0, 910, 824, 266]
Epoch [21/30] Train Loss: 1.3844 | Train Acc: 0.2671 | Val Loss: 1.3841 | Val Acc: 0.3845
  Train budget counts: [2445, 445, 4144, 966]
  Val budget counts: [888, 16, 676, 420]
Epoch [22/30] Train Loss: 1.3844 | Train Acc: 0.2682 | Val Loss: 1.3885 | Val Acc: 0.3315
  Train budget counts: [4301, 102, 2709, 888]
  Val budget counts: [746, 26, 949, 279]
Epoch [23/30] Train Loss: 1.3854 | Train Acc: 0.2559 | Val Loss: 1.3964 | Val Acc: 0.1690
  Train budget counts: [3012, 651, 4173, 164]
  Val budget counts: [309, 464, 1184, 43]
Epoch [24/30] Train Loss: 1.3848 | Train Acc: 0.2622 | Val Loss: 1.3992 | Val Acc: 0.3090
  Train budget counts: [2147, 1338, 4434, 81]
  Val budget counts: [743, 35, 1221, 1]
Epoch [25/30] Train Loss: 1.3857 | Train Acc: 0.2575 | Val Loss: 1.3570 | Val Acc: 0.6410
  Train budget counts: [1770, 1298, 2826, 2106]
  Val budget counts: [1641, 35, 205, 119]
Epoch [26/30] Train Loss: 1.3834 | Train Acc: 0.2687 | Val Loss: 1.3764 | Val Acc: 0.3750
  Train budget counts: [2869, 108, 2804, 2219]
  Val budget counts: [817, 36, 347, 800]
Epoch [27/30] Train Loss: 1.3857 | Train Acc: 0.2591 | Val Loss: 1.4046 | Val Acc: 0.0890
  Train budget counts: [2282, 1101, 2289, 2328]
  Val budget counts: [0, 508, 456, 1036]
Epoch [28/30] Train Loss: 1.3830 | Train Acc: 0.2680 | Val Loss: 1.3930 | Val Acc: 0.1100
  Train budget counts: [2096, 1734, 2496, 1674]
  Val budget counts: [107, 1138, 572, 183]
Epoch [29/30] Train Loss: 1.3837 | Train Acc: 0.2631 | Val Loss: 1.3958 | Val Acc: 0.0870
  Train budget counts: [988, 4301, 1926, 785]
  Val budget counts: [0, 1089, 407, 504]
Epoch [30/30] Train Loss: 1.3840 | Train Acc: 0.2557 | Val Loss: 1.4052 | Val Acc: 0.0825
  Train budget counts: [675, 2064, 997, 4264]
  Val budget counts: [0, 667, 757, 576]
Latency (sec/sample): 0.000142
Throughput (samples/sec): 7066.85
Best validation accuracy: 0.6550
