nohup: ignoring input
/home/arooba/miniconda3/envs/thesis_env/lib/python3.11/site-packages/torchvision/datasets/cifar.py:83: VisibleDeprecationWarning: dtype(): align should be passed as Python or NumPy boolean but got `align=0`. Did you mean to pass a tuple to create a subarray type? (Deprecated NumPy 2.4)
  entry = pickle.load(f, encoding="latin1")
Unsupported operator aten::add encountered 25 time(s)
Unsupported operator aten::scaled_dot_product_attention encountered 12 time(s)
Unsupported operator aten::gelu encountered 12 time(s)
Unsupported operator aten::linalg_vector_norm encountered 1 time(s)
Unsupported operator aten::topk encountered 1 time(s)
The following submodules of the model were never called during the trace of the graph. They may be unused, or they were accessed by direct calls to .forward() or via other python methods. In the latter case they will have zeros for statistics, though their statistics will still contribute to their parent calling module.
backbone.blocks.0.attn.attn_drop, backbone.blocks.1.attn.attn_drop, backbone.blocks.10.attn.attn_drop, backbone.blocks.11.attn.attn_drop, backbone.blocks.2.attn.attn_drop, backbone.blocks.3.attn.attn_drop, backbone.blocks.4.attn.attn_drop, backbone.blocks.5.attn.attn_drop, backbone.blocks.6.attn.attn_drop, backbone.blocks.7.attn.attn_drop, backbone.blocks.8.attn.attn_drop, backbone.blocks.9.attn.attn_drop, backbone.head_drop, controller, controller.net, controller.net.0, controller.net.1, controller.net.2, controller.net.3
Using device: cuda
Outputs will be saved to: outputs/dynamic_ctrl_e2e_v1_20260424_113516
Teacher model loaded from outputs/baseline_dense_vit_20260323_122212/best_model.pt
Loaded backbone from outputs/dynamic_fixed_50_20260331_125625/best_model.pt
Total parameters: 5.54M
FLOPs per image: 1.08 GFLOPs
Epoch [1/20] Train Loss: 0.8083 | Train Acc: 0.9725 | Val Loss: 0.9392 | Val Acc: 0.7883
  Train budget counts: [46339, 70, 45, 3546] | Train avg expected keep ratio: 0.3040
  Val budget counts: [10000, 0, 0, 0] | Val avg expected keep ratio: 0.2500
Epoch [2/20] Train Loss: 0.5428 | Train Acc: 0.9835 | Val Loss: 0.9327 | Val Acc: 0.7913
  Train budget counts: [49971, 2, 5, 22] | Train avg expected keep ratio: 0.2504
  Val budget counts: [10000, 0, 0, 0] | Val avg expected keep ratio: 0.2500
Epoch [3/20] Train Loss: 0.4389 | Train Acc: 0.9881 | Val Loss: 0.9357 | Val Acc: 0.7930
  Train budget counts: [49991, 3, 1, 5] | Train avg expected keep ratio: 0.2501
  Val budget counts: [10000, 0, 0, 0] | Val avg expected keep ratio: 0.2500
Epoch [4/20] Train Loss: 0.3772 | Train Acc: 0.9906 | Val Loss: 0.8988 | Val Acc: 0.8039
  Train budget counts: [49999, 0, 1, 0] | Train avg expected keep ratio: 0.2500
  Val budget counts: [10000, 0, 0, 0] | Val avg expected keep ratio: 0.2500
Epoch [5/20] Train Loss: 0.3429 | Train Acc: 0.9915 | Val Loss: 0.8992 | Val Acc: 0.8024
  Train budget counts: [49998, 1, 0, 1] | Train avg expected keep ratio: 0.2500
  Val budget counts: [10000, 0, 0, 0] | Val avg expected keep ratio: 0.2500
Epoch [6/20] Train Loss: 0.3208 | Train Acc: 0.9916 | Val Loss: 0.9491 | Val Acc: 0.7976
  Train budget counts: [50000, 0, 0, 0] | Train avg expected keep ratio: 0.2500
  Val budget counts: [10000, 0, 0, 0] | Val avg expected keep ratio: 0.2500
Epoch [7/20] Train Loss: 0.3033 | Train Acc: 0.9923 | Val Loss: 0.9082 | Val Acc: 0.8028
  Train budget counts: [50000, 0, 0, 0] | Train avg expected keep ratio: 0.2500
  Val budget counts: [10000, 0, 0, 0] | Val avg expected keep ratio: 0.2500
Epoch [8/20] Train Loss: 0.2852 | Train Acc: 0.9929 | Val Loss: 0.9055 | Val Acc: 0.8041
  Train budget counts: [50000, 0, 0, 0] | Train avg expected keep ratio: 0.2500
  Val budget counts: [10000, 0, 0, 0] | Val avg expected keep ratio: 0.2500
Epoch [9/20] Train Loss: 0.2786 | Train Acc: 0.9928 | Val Loss: 0.8926 | Val Acc: 0.8064
  Train budget counts: [50000, 0, 0, 0] | Train avg expected keep ratio: 0.2500
  Val budget counts: [10000, 0, 0, 0] | Val avg expected keep ratio: 0.2500
Epoch [10/20] Train Loss: 0.2653 | Train Acc: 0.9928 | Val Loss: 0.9050 | Val Acc: 0.8036
  Train budget counts: [50000, 0, 0, 0] | Train avg expected keep ratio: 0.2500
  Val budget counts: [10000, 0, 0, 0] | Val avg expected keep ratio: 0.2500
Epoch [11/20] Train Loss: 0.2590 | Train Acc: 0.9930 | Val Loss: 0.9140 | Val Acc: 0.8042
  Train budget counts: [50000, 0, 0, 0] | Train avg expected keep ratio: 0.2500
  Val budget counts: [10000, 0, 0, 0] | Val avg expected keep ratio: 0.2500
Epoch [12/20] Train Loss: 0.2507 | Train Acc: 0.9937 | Val Loss: 0.8735 | Val Acc: 0.8097
  Train budget counts: [50000, 0, 0, 0] | Train avg expected keep ratio: 0.2500
  Val budget counts: [10000, 0, 0, 0] | Val avg expected keep ratio: 0.2500
