Job started on iris-196
Config file: configs/dynamic_ctrl_supervised_v1.yaml
GPU info:
Mon Apr 20 15:23:47 2026       
+-----------------------------------------------------------------------------------------+
| NVIDIA-SMI 565.57.01              Driver Version: 565.57.01      CUDA Version: 12.7     |
|-----------------------------------------+------------------------+----------------------+
| GPU  Name                 Persistence-M | Bus-Id          Disp.A | Volatile Uncorr. ECC |
| Fan  Temp   Perf          Pwr:Usage/Cap |           Memory-Usage | GPU-Util  Compute M. |
|                                         |                        |               MIG M. |
|=========================================+========================+======================|
|   0  Tesla V100-SXM2-32GB           On  |   00000000:1E:00.0 Off |                    0 |
| N/A   49C    P0             61W /  300W |       1MiB /  32768MiB |      0%      Default |
|                                         |                        |                  N/A |
+-----------------------------------------+------------------------+----------------------+
                                                                                         
+-----------------------------------------------------------------------------------------+
| Processes:                                                                              |
|  GPU   GI   CI        PID   Type   Process name                              GPU Memory |
|        ID   ID                                                               Usage      |
|=========================================================================================|
|  No running processes found                                                             |
+-----------------------------------------------------------------------------------------+
Using device: cuda
Outputs will be saved to: outputs/dynamic_ctrl_supervised_v1_20260420_152350
Files already downloaded and verified
Files already downloaded and verified
Loaded backbone from outputs/dynamic_fixed_50_20260331_125625/best_model.pt
Backbone frozen — training controller only
Total parameters: 5.54M
FLOPs per image: 0.95 GFLOPs
Epoch [1/10] Train Loss: 0.8722 | Train Acc: 0.9004 | Val Loss: 4.5832 | Val Acc: 0.7583
  Train budget counts: [46414, 3287, 185, 114]
  Val budget counts: [10000, 0, 0, 0]
Epoch [2/10] Train Loss: 0.8160 | Train Acc: 0.9556 | Val Loss: 5.6515 | Val Acc: 0.7583
  Train budget counts: [49353, 647, 0, 0]
  Val budget counts: [10000, 0, 0, 0]
Epoch [3/10] Train Loss: 0.8110 | Train Acc: 0.9540 | Val Loss: 6.4595 | Val Acc: 0.7583
  Train budget counts: [49260, 740, 0, 0]
  Val budget counts: [10000, 0, 0, 0]
Epoch [4/10] Train Loss: 0.8179 | Train Acc: 0.9628 | Val Loss: 5.6351 | Val Acc: 0.7583
  Train budget counts: [49748, 252, 0, 0]
  Val budget counts: [10000, 0, 0, 0]
Epoch [5/10] Train Loss: 0.8211 | Train Acc: 0.9601 | Val Loss: 6.7446 | Val Acc: 0.7583
  Train budget counts: [49608, 392, 0, 0]
  Val budget counts: [10000, 0, 0, 0]
Epoch [6/10] Train Loss: 0.8159 | Train Acc: 0.9616 | Val Loss: 6.0866 | Val Acc: 0.7583
  Train budget counts: [49680, 320, 0, 0]
  Val budget counts: [10000, 0, 0, 0]
Epoch [7/10] Train Loss: 0.8225 | Train Acc: 0.9652 | Val Loss: 6.3859 | Val Acc: 0.7583
  Train budget counts: [49873, 127, 0, 0]
  Val budget counts: [10000, 0, 0, 0]
Epoch [8/10] Train Loss: 0.8348 | Train Acc: 0.9633 | Val Loss: 8.4465 | Val Acc: 0.7583
  Train budget counts: [49760, 240, 0, 0]
  Val budget counts: [10000, 0, 0, 0]
Epoch [9/10] Train Loss: 0.8427 | Train Acc: 0.9664 | Val Loss: 5.9629 | Val Acc: 0.7583
  Train budget counts: [49937, 63, 0, 0]
  Val budget counts: [10000, 0, 0, 0]
Epoch [10/10] Train Loss: 0.8403 | Train Acc: 0.9654 | Val Loss: 7.5003 | Val Acc: 0.7583
  Train budget counts: [49878, 122, 0, 0]
  Val budget counts: [10000, 0, 0, 0]
Latency (sec/sample): 0.000267
Throughput (samples/sec): 3748.61
Best validation accuracy: 0.7583
