nohup: ignoring input
/home/arooba/miniconda3/envs/thesis_env/lib/python3.11/site-packages/torchvision/datasets/cifar.py:83: VisibleDeprecationWarning: dtype(): align should be passed as Python or NumPy boolean but got `align=0`. Did you mean to pass a tuple to create a subarray type? (Deprecated NumPy 2.4)
  entry = pickle.load(f, encoding="latin1")
Warning: You are sending unauthenticated requests to the HF Hub. Please set a HF_TOKEN to enable higher rate limits and faster downloads.
Unsupported operator aten::add encountered 25 time(s)
Unsupported operator aten::scaled_dot_product_attention encountered 12 time(s)
Unsupported operator aten::gelu encountered 12 time(s)
Unsupported operator aten::linalg_vector_norm encountered 1 time(s)
Unsupported operator aten::topk encountered 1 time(s)
The following submodules of the model were never called during the trace of the graph. They may be unused, or they were accessed by direct calls to .forward() or via other python methods. In the latter case they will have zeros for statistics, though their statistics will still contribute to their parent calling module.
backbone.blocks.0.attn.attn_drop, backbone.blocks.1.attn.attn_drop, backbone.blocks.10.attn.attn_drop, backbone.blocks.11.attn.attn_drop, backbone.blocks.2.attn.attn_drop, backbone.blocks.3.attn.attn_drop, backbone.blocks.4.attn.attn_drop, backbone.blocks.5.attn.attn_drop, backbone.blocks.6.attn.attn_drop, backbone.blocks.7.attn.attn_drop, backbone.blocks.8.attn.attn_drop, backbone.blocks.9.attn.attn_drop, backbone.head_drop, controller, controller.net, controller.net.0, controller.net.1, controller.net.2, controller.net.3
Using device: cuda
Outputs will be saved to: outputs/dynamic_ctrl_e2e_v2_20260424_115931
Controller e2e: using val split — 5000 train, 5000 val
Teacher model loaded from outputs/baseline_dense_vit_20260323_122212/best_model.pt
Loaded backbone from outputs/dynamic_fixed_50_20260331_125625/best_model.pt
Total parameters: 5.54M
FLOPs per image: 1.08 GFLOPs
Epoch [1/20] Train Loss: 2.0935 | Train Acc: 0.7776 | Val Loss: 0.9436 | Val Acc: 0.7632
  Train budget counts: [2345, 24, 19, 2612] | Train avg expected keep ratio: 0.6430
  Val budget counts: [5000, 0, 0, 0] | Val avg expected keep ratio: 0.2500
Epoch [2/20] Train Loss: 1.5067 | Train Acc: 0.8618 | Val Loss: 0.9452 | Val Acc: 0.7692
  Train budget counts: [4641, 12, 8, 339] | Train avg expected keep ratio: 0.3020
  Val budget counts: [5000, 0, 0, 0] | Val avg expected keep ratio: 0.2500
Epoch [3/20] Train Loss: 1.0763 | Train Acc: 0.9342 | Val Loss: 0.9608 | Val Acc: 0.7670
  Train budget counts: [4911, 8, 3, 78] | Train avg expected keep ratio: 0.2623
  Val budget counts: [5000, 0, 0, 0] | Val avg expected keep ratio: 0.2500
Epoch [4/20] Train Loss: 0.8803 | Train Acc: 0.9618 | Val Loss: 0.9352 | Val Acc: 0.7738
  Train budget counts: [4971, 4, 2, 23] | Train avg expected keep ratio: 0.2538
  Val budget counts: [5000, 0, 0, 0] | Val avg expected keep ratio: 0.2500
Epoch [5/20] Train Loss: 0.7697 | Train Acc: 0.9714 | Val Loss: 0.9412 | Val Acc: 0.7662
  Train budget counts: [4983, 1, 1, 15] | Train avg expected keep ratio: 0.2524
  Val budget counts: [5000, 0, 0, 0] | Val avg expected keep ratio: 0.2500
Epoch [6/20] Train Loss: 0.7009 | Train Acc: 0.9754 | Val Loss: 0.9261 | Val Acc: 0.7740
  Train budget counts: [4987, 1, 0, 12] | Train avg expected keep ratio: 0.2518
  Val budget counts: [5000, 0, 0, 0] | Val avg expected keep ratio: 0.2500
Epoch [7/20] Train Loss: 0.6489 | Train Acc: 0.9766 | Val Loss: 0.9170 | Val Acc: 0.7758
  Train budget counts: [4992, 1, 2, 5] | Train avg expected keep ratio: 0.2510
  Val budget counts: [5000, 0, 0, 0] | Val avg expected keep ratio: 0.2500
Epoch [8/20] Train Loss: 0.6138 | Train Acc: 0.9798 | Val Loss: 0.9194 | Val Acc: 0.7758
  Train budget counts: [4996, 0, 0, 4] | Train avg expected keep ratio: 0.2506
  Val budget counts: [5000, 0, 0, 0] | Val avg expected keep ratio: 0.2500
Epoch [9/20] Train Loss: 0.5874 | Train Acc: 0.9768 | Val Loss: 0.9125 | Val Acc: 0.7718
  Train budget counts: [4996, 2, 0, 2] | Train avg expected keep ratio: 0.2504
  Val budget counts: [5000, 0, 0, 0] | Val avg expected keep ratio: 0.2500
Epoch [10/20] Train Loss: 0.5625 | Train Acc: 0.9828 | Val Loss: 0.9080 | Val Acc: 0.7724
  Train budget counts: [4997, 1, 0, 2] | Train avg expected keep ratio: 0.2503
  Val budget counts: [5000, 0, 0, 0] | Val avg expected keep ratio: 0.2500
Epoch [11/20] Train Loss: 0.5345 | Train Acc: 0.9826 | Val Loss: 0.8956 | Val Acc: 0.7750
  Train budget counts: [4998, 1, 0, 1] | Train avg expected keep ratio: 0.2502
  Val budget counts: [5000, 0, 0, 0] | Val avg expected keep ratio: 0.2500
Epoch [12/20] Train Loss: 0.5183 | Train Acc: 0.9822 | Val Loss: 0.8973 | Val Acc: 0.7716
  Train budget counts: [4999, 0, 0, 1] | Train avg expected keep ratio: 0.2501
  Val budget counts: [5000, 0, 0, 0] | Val avg expected keep ratio: 0.2500
Epoch [13/20] Train Loss: 0.4926 | Train Acc: 0.9854 | Val Loss: 0.8802 | Val Acc: 0.7752
  Train budget counts: [4999, 0, 0, 1] | Train avg expected keep ratio: 0.2501
  Val budget counts: [5000, 0, 0, 0] | Val avg expected keep ratio: 0.2500
Epoch [14/20] Train Loss: 0.4767 | Train Acc: 0.9814 | Val Loss: 0.9134 | Val Acc: 0.7696
  Train budget counts: [4998, 1, 1, 0] | Train avg expected keep ratio: 0.2501
  Val budget counts: [5000, 0, 0, 0] | Val avg expected keep ratio: 0.2500
Epoch [15/20] Train Loss: 0.4647 | Train Acc: 0.9836 | Val Loss: 0.8980 | Val Acc: 0.7770
  Train budget counts: [4999, 0, 0, 1] | Train avg expected keep ratio: 0.2501
  Val budget counts: [5000, 0, 0, 0] | Val avg expected keep ratio: 0.2500
Epoch [16/20] Train Loss: 0.4520 | Train Acc: 0.9836 | Val Loss: 0.9028 | Val Acc: 0.7710
  Train budget counts: [5000, 0, 0, 0] | Train avg expected keep ratio: 0.2500
  Val budget counts: [5000, 0, 0, 0] | Val avg expected keep ratio: 0.2500
Epoch [17/20] Train Loss: 0.4429 | Train Acc: 0.9842 | Val Loss: 0.8980 | Val Acc: 0.7726
  Train budget counts: [5000, 0, 0, 0] | Train avg expected keep ratio: 0.2500
  Val budget counts: [5000, 0, 0, 0] | Val avg expected keep ratio: 0.2500
Epoch [18/20] Train Loss: 0.4290 | Train Acc: 0.9852 | Val Loss: 0.8898 | Val Acc: 0.7710
  Train budget counts: [5000, 0, 0, 0] | Train avg expected keep ratio: 0.2500
  Val budget counts: [5000, 0, 0, 0] | Val avg expected keep ratio: 0.2500
Epoch [19/20] Train Loss: 0.4223 | Train Acc: 0.9838 | Val Loss: 0.8956 | Val Acc: 0.7744
  Train budget counts: [5000, 0, 0, 0] | Train avg expected keep ratio: 0.2500
  Val budget counts: [5000, 0, 0, 0] | Val avg expected keep ratio: 0.2500
Epoch [20/20] Train Loss: 0.4099 | Train Acc: 0.9844 | Val Loss: 0.8739 | Val Acc: 0.7774
  Train budget counts: [4999, 0, 0, 1] | Train avg expected keep ratio: 0.2501
  Val budget counts: [5000, 0, 0, 0] | Val avg expected keep ratio: 0.2500
Latency (sec/sample): 0.000367
Throughput (samples/sec): 2721.67
Best validation accuracy: 0.7774
