Job started on iris-183
Config file: configs/dynamic_controller_supervised.yaml
GPU info:
Fri Apr 10 15:48:38 2026       
+-----------------------------------------------------------------------------------------+
| NVIDIA-SMI 565.57.01              Driver Version: 565.57.01      CUDA Version: 12.7     |
|-----------------------------------------+------------------------+----------------------+
| GPU  Name                 Persistence-M | Bus-Id          Disp.A | Volatile Uncorr. ECC |
| Fan  Temp   Perf          Pwr:Usage/Cap |           Memory-Usage | GPU-Util  Compute M. |
|                                         |                        |               MIG M. |
|=========================================+========================+======================|
|   0  Tesla V100-SXM2-16GB           On  |   00000000:1C:00.0 Off |                    0 |
| N/A   47C    P0             49W /  300W |       1MiB /  16384MiB |      0%      Default |
|                                         |                        |                  N/A |
+-----------------------------------------+------------------------+----------------------+
                                                                                         
+-----------------------------------------------------------------------------------------+
| Processes:                                                                              |
|  GPU   GI   CI        PID   Type   Process name                              GPU Memory |
|        ID   ID                                                               Usage      |
|=========================================================================================|
|  No running processes found                                                             |
+-----------------------------------------------------------------------------------------+
Using device: cuda
Outputs will be saved to: outputs/dynamic_controller_supervised_20260410_154846
Files already downloaded and verified
Files already downloaded and verified
Total parameters: 5.54M
FLOPs per image: 0.95 GFLOPs
Epoch [1/10] Train Loss: 1.5311 | Train Acc: 0.1949 | Val Loss: 1.3992 | Val Acc: 0.2531
  Train budget counts: [0, 0, 2288, 0]
  Val budget counts: [0, 0, 403, 0]
Epoch [2/10] Train Loss: 1.3841 | Train Acc: 0.2037 | Val Loss: 1.3811 | Val Acc: 0.2531
  Train budget counts: [162, 0, 2084, 42]
  Val budget counts: [64, 0, 331, 8]
Epoch [3/10] Train Loss: 1.3669 | Train Acc: 0.2330 | Val Loss: 1.3842 | Val Acc: 0.2432
  Train budget counts: [446, 21, 1581, 240]
  Val budget counts: [30, 43, 251, 79]
Epoch [4/10] Train Loss: 1.3524 | Train Acc: 0.3339 | Val Loss: 1.3966 | Val Acc: 0.2184
  Train budget counts: [214, 658, 1172, 244]
  Val budget counts: [0, 132, 234, 37]
Epoch [5/10] Train Loss: 1.3368 | Train Acc: 0.3663 | Val Loss: 1.4403 | Val Acc: 0.2680
  Train budget counts: [25, 944, 1131, 188]
  Val budget counts: [0, 45, 327, 31]
Epoch [6/10] Train Loss: 1.3121 | Train Acc: 0.3912 | Val Loss: 1.4470 | Val Acc: 0.2060
  Train budget counts: [12, 1024, 1132, 120]
  Val budget counts: [5, 153, 236, 9]
Epoch [7/10] Train Loss: 1.2978 | Train Acc: 0.3881 | Val Loss: 1.4599 | Val Acc: 0.2605
  Train budget counts: [47, 1105, 1052, 84]
  Val budget counts: [0, 78, 293, 32]
Epoch [8/10] Train Loss: 1.2777 | Train Acc: 0.4108 | Val Loss: 1.4570 | Val Acc: 0.2308
  Train budget counts: [95, 1004, 1111, 78]
  Val budget counts: [45, 92, 239, 27]
Epoch [9/10] Train Loss: 1.2677 | Train Acc: 0.4060 | Val Loss: 1.4486 | Val Acc: 0.2258
  Train budget counts: [281, 956, 910, 141]
  Val budget counts: [50, 62, 249, 42]
Epoch [10/10] Train Loss: 1.2347 | Train Acc: 0.4454 | Val Loss: 1.4823 | Val Acc: 0.2208
  Train budget counts: [528, 841, 783, 136]
  Val budget counts: [107, 176, 103, 17]
Latency (sec/sample): 0.000180
Throughput (samples/sec): 5565.03
Best validation accuracy: 0.2680
