nohup: ignoring input
/home/arooba/miniconda3/envs/thesis_env/lib/python3.11/site-packages/torchvision/datasets/cifar.py:83: VisibleDeprecationWarning: dtype(): align should be passed as Python or NumPy boolean but got `align=0`. Did you mean to pass a tuple to create a subarray type? (Deprecated NumPy 2.4)
  entry = pickle.load(f, encoding="latin1")
Warning: You are sending unauthenticated requests to the HF Hub. Please set a HF_TOKEN to enable higher rate limits and faster downloads.
Unsupported operator aten::add encountered 25 time(s)
Unsupported operator aten::scaled_dot_product_attention encountered 12 time(s)
Unsupported operator aten::gelu encountered 12 time(s)
Unsupported operator aten::linalg_vector_norm encountered 1 time(s)
Unsupported operator aten::topk encountered 1 time(s)
The following submodules of the model were never called during the trace of the graph. They may be unused, or they were accessed by direct calls to .forward() or via other python methods. In the latter case they will have zeros for statistics, though their statistics will still contribute to their parent calling module.
backbone.blocks.0.attn.attn_drop, backbone.blocks.1.attn.attn_drop, backbone.blocks.10.attn.attn_drop, backbone.blocks.11.attn.attn_drop, backbone.blocks.2.attn.attn_drop, backbone.blocks.3.attn.attn_drop, backbone.blocks.4.attn.attn_drop, backbone.blocks.5.attn.attn_drop, backbone.blocks.6.attn.attn_drop, backbone.blocks.7.attn.attn_drop, backbone.blocks.8.attn.attn_drop, backbone.blocks.9.attn.attn_drop, backbone.head_drop, controller, controller.net, controller.net.0, controller.net.1, controller.net.2, controller.net.3
Using device: cuda
Outputs will be saved to: outputs/dynamic_ctrl_ce_v1_20260423_102828
WeightedRandomSampler enabled — budget class counts: {0: 7583, 1: 992, 2: 390, 3: 1035}
Effective class weights: {0: 0.33, 1: 2.52, 2: 6.41, 3: 2.42}
Loaded backbone from outputs/dynamic_fixed_50_20260331_125625/best_model.pt
Backbone frozen — training controller only
Total parameters: 5.54M
FLOPs per image: 0.95 GFLOPs
Epoch [1/20] Train Loss: 1.6342 | Train Acc: 0.2493 | Val Loss: 1.2874 | Val Acc: 0.7572
  Train budget counts: [2958, 2057, 2619, 2366]
  Val budget counts: [9989, 7, 4, 0]
Epoch [2/20] Train Loss: 1.4050 | Train Acc: 0.2520 | Val Loss: 1.3876 | Val Acc: 0.0992
  Train budget counts: [2782, 1562, 3061, 2595]
  Val budget counts: [0, 10000, 0, 0]
Epoch [3/20] Train Loss: 1.3893 | Train Acc: 0.2579 | Val Loss: 1.4022 | Val Acc: 0.1003
  Train budget counts: [2079, 2653, 1950, 3318]
  Val budget counts: [3, 8428, 0, 1569]
Epoch [4/20] Train Loss: 1.3900 | Train Acc: 0.2488 | Val Loss: 1.4120 | Val Acc: 0.1015
  Train budget counts: [3042, 2068, 1882, 3008]
  Val budget counts: [0, 187, 249, 9564]
Epoch [5/20] Train Loss: 1.3872 | Train Acc: 0.2529 | Val Loss: 1.3587 | Val Acc: 0.7345
  Train budget counts: [3254, 1344, 2017, 3385]
  Val budget counts: [9657, 198, 2, 143]
Epoch [6/20] Train Loss: 1.3872 | Train Acc: 0.2525 | Val Loss: 1.3921 | Val Acc: 0.1009
  Train budget counts: [3223, 1701, 3300, 1776]
  Val budget counts: [0, 323, 0, 9677]
Epoch [7/20] Train Loss: 1.3870 | Train Acc: 0.2543 | Val Loss: 1.3820 | Val Acc: 0.1031
  Train budget counts: [1402, 3467, 1315, 3816]
  Val budget counts: [0, 28, 0, 9972]
Epoch [8/20] Train Loss: 1.3862 | Train Acc: 0.2449 | Val Loss: 1.3779 | Val Acc: 0.5283
  Train budget counts: [3592, 663, 2718, 3027]
  Val budget counts: [6544, 2718, 1, 737]
Epoch [9/20] Train Loss: 1.3861 | Train Acc: 0.2556 | Val Loss: 1.4168 | Val Acc: 0.0992
  Train budget counts: [905, 5101, 1678, 2316]
  Val budget counts: [0, 10000, 0, 0]
Epoch [10/20] Train Loss: 1.3864 | Train Acc: 0.2546 | Val Loss: 1.3776 | Val Acc: 0.2179
  Train budget counts: [2758, 3645, 342, 3255]
  Val budget counts: [1570, 670, 0, 7760]
Epoch [11/20] Train Loss: 1.3857 | Train Acc: 0.2629 | Val Loss: 1.3546 | Val Acc: 0.6166
  Train budget counts: [1431, 1420, 5, 7144]
  Val budget counts: [7925, 2075, 0, 0]
Epoch [12/20] Train Loss: 1.3858 | Train Acc: 0.2527 | Val Loss: 1.3882 | Val Acc: 0.0569
  Train budget counts: [4130, 2387, 1688, 1795]
  Val budget counts: [0, 1936, 7139, 925]
Epoch [13/20] Train Loss: 1.3858 | Train Acc: 0.2610 | Val Loss: 1.4076 | Val Acc: 0.0742
  Train budget counts: [6, 1450, 2977, 5567]
  Val budget counts: [0, 1749, 4325, 3926]
Epoch [14/20] Train Loss: 1.3864 | Train Acc: 0.2549 | Val Loss: 1.4018 | Val Acc: 0.1009
  Train budget counts: [930, 2260, 3678, 3132]
  Val budget counts: [0, 1103, 22, 8875]
Epoch [15/20] Train Loss: 1.3858 | Train Acc: 0.2597 | Val Loss: 1.3982 | Val Acc: 0.1042
  Train budget counts: [2242, 1592, 1920, 4246]
  Val budget counts: [36, 3235, 0, 6729]
Epoch [16/20] Train Loss: 1.3858 | Train Acc: 0.2561 | Val Loss: 1.3794 | Val Acc: 0.1844
  Train budget counts: [1989, 3144, 882, 3985]
  Val budget counts: [1123, 268, 403, 8206]
Epoch [17/20] Train Loss: 1.3861 | Train Acc: 0.2508 | Val Loss: 1.3833 | Val Acc: 0.4220
  Train budget counts: [3891, 1520, 737, 3852]
  Val budget counts: [4832, 739, 498, 3931]
Epoch [18/20] Train Loss: 1.3864 | Train Acc: 0.2554 | Val Loss: 1.3962 | Val Acc: 0.0496
  Train budget counts: [240, 1938, 4829, 2993]
  Val budget counts: [0, 91, 8535, 1374]
Epoch [19/20] Train Loss: 1.3857 | Train Acc: 0.2587 | Val Loss: 1.3708 | Val Acc: 0.1233
  Train budget counts: [1466, 3099, 3118, 2317]
  Val budget counts: [286, 67, 0, 9647]
Epoch [20/20] Train Loss: 1.3862 | Train Acc: 0.2553 | Val Loss: 1.3930 | Val Acc: 0.0662
  Train budget counts: [2062, 1281, 2504, 4153]
  Val budget counts: [169, 1215, 7498, 1118]
Latency (sec/sample): 0.000130
Throughput (samples/sec): 7686.69
Best validation accuracy: 0.7572
