nohup: ignoring input
/home/arooba/miniconda3/envs/thesis_env/lib/python3.11/site-packages/torchvision/datasets/cifar.py:83: VisibleDeprecationWarning: dtype(): align should be passed as Python or NumPy boolean but got `align=0`. Did you mean to pass a tuple to create a subarray type? (Deprecated NumPy 2.4)
  entry = pickle.load(f, encoding="latin1")
Unsupported operator aten::add encountered 25 time(s)
Unsupported operator aten::scaled_dot_product_attention encountered 12 time(s)
Unsupported operator aten::gelu encountered 12 time(s)
Unsupported operator aten::linalg_vector_norm encountered 1 time(s)
Unsupported operator aten::topk encountered 1 time(s)
The following submodules of the model were never called during the trace of the graph. They may be unused, or they were accessed by direct calls to .forward() or via other python methods. In the latter case they will have zeros for statistics, though their statistics will still contribute to their parent calling module.
backbone.blocks.0.attn.attn_drop, backbone.blocks.1.attn.attn_drop, backbone.blocks.10.attn.attn_drop, backbone.blocks.11.attn.attn_drop, backbone.blocks.2.attn.attn_drop, backbone.blocks.3.attn.attn_drop, backbone.blocks.4.attn.attn_drop, backbone.blocks.5.attn.attn_drop, backbone.blocks.6.attn.attn_drop, backbone.blocks.7.attn.attn_drop, backbone.blocks.8.attn.attn_drop, backbone.blocks.9.attn.attn_drop, backbone.head_drop, controller, controller.net, controller.net.0, controller.net.1, controller.net.2, controller.net.3
Using device: cuda
Outputs will be saved to: outputs/dynamic_ctrl_focal_v1_20260423_102140
WeightedRandomSampler enabled — budget class counts: {0: 7583, 1: 992, 2: 390, 3: 1035}
Effective class weights: {0: 0.33, 1: 2.52, 2: 6.41, 3: 2.42}
Loaded backbone from outputs/dynamic_fixed_50_20260331_125625/best_model.pt
Backbone frozen — training controller only
Total parameters: 5.54M
FLOPs per image: 0.95 GFLOPs
Using focal loss with gamma=2.0
Epoch [1/10] Train Loss: 10.5895 | Train Acc: 0.2509 | Val Loss: 5.3488 | Val Acc: 0.0390
  Train budget counts: [24, 364, 8896, 716]
  Val budget counts: [0, 0, 10000, 0]
Epoch [2/10] Train Loss: 9.6075 | Train Acc: 0.2546 | Val Loss: 5.2970 | Val Acc: 0.0390
  Train budget counts: [0, 5, 9994, 1]
  Val budget counts: [0, 3, 9997, 0]
Epoch [3/10] Train Loss: 9.6218 | Train Acc: 0.2460 | Val Loss: 5.2167 | Val Acc: 0.0390
  Train budget counts: [0, 24, 9975, 1]
  Val budget counts: [0, 4, 9996, 0]
Epoch [4/10] Train Loss: 9.6046 | Train Acc: 0.2487 | Val Loss: 5.0114 | Val Acc: 0.0390
  Train budget counts: [0, 2, 9998, 0]
  Val budget counts: [0, 2, 9998, 0]
Epoch [5/10] Train Loss: 9.5420 | Train Acc: 0.2498 | Val Loss: 5.2773 | Val Acc: 0.0390
  Train budget counts: [0, 22, 9978, 0]
  Val budget counts: [0, 1, 9999, 0]
Epoch [6/10] Train Loss: 9.5783 | Train Acc: 0.2530 | Val Loss: 5.0721 | Val Acc: 0.0390
  Train budget counts: [0, 16, 9984, 0]
  Val budget counts: [0, 1, 9999, 0]
Epoch [7/10] Train Loss: 9.5941 | Train Acc: 0.2470 | Val Loss: 5.2942 | Val Acc: 0.0390
  Train budget counts: [0, 1, 9999, 0]
  Val budget counts: [0, 0, 10000, 0]
Epoch [8/10] Train Loss: 9.5431 | Train Acc: 0.2532 | Val Loss: 5.1236 | Val Acc: 0.0390
  Train budget counts: [0, 8, 9992, 0]
  Val budget counts: [0, 4, 9996, 0]
Epoch [9/10] Train Loss: 9.6038 | Train Acc: 0.2483 | Val Loss: 5.2593 | Val Acc: 0.0390
  Train budget counts: [0, 5, 9995, 0]
  Val budget counts: [0, 1, 9999, 0]
Epoch [10/10] Train Loss: 9.5521 | Train Acc: 0.2464 | Val Loss: 5.4713 | Val Acc: 0.0390
  Train budget counts: [0, 3, 9997, 0]
  Val budget counts: [0, 0, 10000, 0]
Latency (sec/sample): 0.000145
Throughput (samples/sec): 6875.21
Best validation accuracy: 0.0390
