nohup: ignoring input
/home/arooba/miniconda3/envs/thesis_env/lib/python3.11/site-packages/torchvision/datasets/cifar.py:83: VisibleDeprecationWarning: dtype(): align should be passed as Python or NumPy boolean but got `align=0`. Did you mean to pass a tuple to create a subarray type? (Deprecated NumPy 2.4)
  entry = pickle.load(f, encoding="latin1")
Warning: You are sending unauthenticated requests to the HF Hub. Please set a HF_TOKEN to enable higher rate limits and faster downloads.
Unsupported operator aten::add encountered 25 time(s)
Unsupported operator aten::scaled_dot_product_attention encountered 12 time(s)
Unsupported operator aten::gelu encountered 12 time(s)
Unsupported operator aten::linalg_vector_norm encountered 1 time(s)
Unsupported operator aten::topk encountered 1 time(s)
The following submodules of the model were never called during the trace of the graph. They may be unused, or they were accessed by direct calls to .forward() or via other python methods. In the latter case they will have zeros for statistics, though their statistics will still contribute to their parent calling module.
backbone.blocks.0.attn.attn_drop, backbone.blocks.1.attn.attn_drop, backbone.blocks.10.attn.attn_drop, backbone.blocks.11.attn.attn_drop, backbone.blocks.2.attn.attn_drop, backbone.blocks.3.attn.attn_drop, backbone.blocks.4.attn.attn_drop, backbone.blocks.5.attn.attn_drop, backbone.blocks.6.attn.attn_drop, backbone.blocks.7.attn.attn_drop, backbone.blocks.8.attn.attn_drop, backbone.blocks.9.attn.attn_drop, backbone.head_drop, controller, controller.net, controller.net.0, controller.net.1, controller.net.2, controller.net.3
Using device: cuda
Outputs will be saved to: outputs/dynamic_ctrl_e2e_v1_20260424_112101
Teacher model loaded from outputs/baseline_dense_vit_20260323_122212/best_model.pt
Loaded backbone from outputs/dynamic_fixed_50_20260331_125625/best_model.pt
Total parameters: 5.54M
FLOPs per image: 1.08 GFLOPs
Epoch [1/20] Train Loss: 1.3753 | Train Acc: 0.9724 | Val Loss: 0.9492 | Val Acc: 0.7908
  Train budget counts: [47104, 34, 26, 2836] | Train avg expected keep ratio: 0.2930
  Val budget counts: [10000, 0, 0, 0] | Val avg expected keep ratio: 0.2500
Epoch [2/20] Train Loss: 1.0057 | Train Acc: 0.9863 | Val Loss: 0.9449 | Val Acc: 0.7944
  Train budget counts: [49994, 0, 2, 4] | Train avg expected keep ratio: 0.2501
  Val budget counts: [10000, 0, 0, 0] | Val avg expected keep ratio: 0.2500
Epoch [3/20] Train Loss: 0.9134 | Train Acc: 0.9905 | Val Loss: 0.9220 | Val Acc: 0.8024
  Train budget counts: [49999, 1, 0, 0] | Train avg expected keep ratio: 0.2500
  Val budget counts: [10000, 0, 0, 0] | Val avg expected keep ratio: 0.2500
Epoch [4/20] Train Loss: 0.8580 | Train Acc: 0.9914 | Val Loss: 0.9294 | Val Acc: 0.7981
  Train budget counts: [50000, 0, 0, 0] | Train avg expected keep ratio: 0.2500
  Val budget counts: [10000, 0, 0, 0] | Val avg expected keep ratio: 0.2500
Epoch [5/20] Train Loss: 0.8294 | Train Acc: 0.9915 | Val Loss: 0.9066 | Val Acc: 0.8020
  Train budget counts: [50000, 0, 0, 0] | Train avg expected keep ratio: 0.2500
  Val budget counts: [10000, 0, 0, 0] | Val avg expected keep ratio: 0.2500
Epoch [6/20] Train Loss: 0.8075 | Train Acc: 0.9925 | Val Loss: 0.9179 | Val Acc: 0.8019
  Train budget counts: [50000, 0, 0, 0] | Train avg expected keep ratio: 0.2500
  Val budget counts: [10000, 0, 0, 0] | Val avg expected keep ratio: 0.2500
Epoch [7/20] Train Loss: 0.7937 | Train Acc: 0.9922 | Val Loss: 0.9207 | Val Acc: 0.7987
  Train budget counts: [50000, 0, 0, 0] | Train avg expected keep ratio: 0.2500
  Val budget counts: [10000, 0, 0, 0] | Val avg expected keep ratio: 0.2500
