Job started on iris-171
Config file: configs/dynamic_controller_supervised.yaml
GPU info:
Fri Apr 10 14:25:47 2026       
+-----------------------------------------------------------------------------------------+
| NVIDIA-SMI 565.57.01              Driver Version: 565.57.01      CUDA Version: 12.7     |
|-----------------------------------------+------------------------+----------------------+
| GPU  Name                 Persistence-M | Bus-Id          Disp.A | Volatile Uncorr. ECC |
| Fan  Temp   Perf          Pwr:Usage/Cap |           Memory-Usage | GPU-Util  Compute M. |
|                                         |                        |               MIG M. |
|=========================================+========================+======================|
|   0  Tesla V100-SXM2-16GB           On  |   00000000:1D:00.0 Off |                    0 |
| N/A   42C    P0             45W /  300W |       1MiB /  16384MiB |      0%      Default |
|                                         |                        |                  N/A |
+-----------------------------------------+------------------------+----------------------+
                                                                                         
+-----------------------------------------------------------------------------------------+
| Processes:                                                                              |
|  GPU   GI   CI        PID   Type   Process name                              GPU Memory |
|        ID   ID                                                               Usage      |
|=========================================================================================|
|  No running processes found                                                             |
+-----------------------------------------------------------------------------------------+
Using device: cuda
Outputs will be saved to: outputs/dynamic_controller_supervised_20260410_142554
Files already downloaded and verified
Files already downloaded and verified
Total parameters: 5.54M
FLOPs per image: 0.95 GFLOPs
Epoch [1/10] Train Loss: 1.5401 | Train Acc: 0.2115 | Val Loss: 0.0000 | Val Acc: 0.0000
  Train budget counts: [0, 0, 2034, 254]
  Val budget counts: [0, 0, 8282, 1718]
Epoch [2/10] Train Loss: 1.3841 | Train Acc: 0.3007 | Val Loss: 0.0000 | Val Acc: 0.0000
  Train budget counts: [3, 0, 403, 1882]
  Val budget counts: [0, 0, 217, 9783]
Epoch [3/10] Train Loss: 1.3668 | Train Acc: 0.3099 | Val Loss: 0.0000 | Val Acc: 0.0000
  Train budget counts: [1, 7, 182, 2098]
  Val budget counts: [0, 13, 605, 9382]
Epoch [4/10] Train Loss: 1.3510 | Train Acc: 0.3588 | Val Loss: 0.0000 | Val Acc: 0.0000
  Train budget counts: [0, 318, 190, 1780]
  Val budget counts: [0, 764, 1918, 7318]
Epoch [5/10] Train Loss: 1.3350 | Train Acc: 0.3925 | Val Loss: 0.0000 | Val Acc: 0.0000
  Train budget counts: [0, 719, 376, 1193]
  Val budget counts: [0, 3184, 1711, 5105]
Epoch [6/10] Train Loss: 1.3162 | Train Acc: 0.4406 | Val Loss: 0.0000 | Val Acc: 0.0000
  Train budget counts: [0, 922, 404, 962]
  Val budget counts: [0, 3628, 4076, 2296]
Epoch [7/10] Train Loss: 1.3146 | Train Acc: 0.4021 | Val Loss: 0.0000 | Val Acc: 0.0000
  Train budget counts: [0, 1142, 629, 517]
  Val budget counts: [0, 2992, 36, 6972]
Epoch [8/10] Train Loss: 1.2844 | Train Acc: 0.4288 | Val Loss: 0.0000 | Val Acc: 0.0000
  Train budget counts: [25, 1026, 90, 1147]
  Val budget counts: [85, 2215, 180, 7520]
Epoch [9/10] Train Loss: 1.2691 | Train Acc: 0.4384 | Val Loss: 0.0000 | Val Acc: 0.0000
  Train budget counts: [79, 967, 2, 1240]
  Val budget counts: [0, 3429, 0, 6571]
Epoch [10/10] Train Loss: 1.2495 | Train Acc: 0.4480 | Val Loss: 0.0000 | Val Acc: 0.0000
  Train budget counts: [170, 872, 4, 1242]
  Val budget counts: [679, 3744, 5, 5572]
Latency (sec/sample): 0.000174
Throughput (samples/sec): 5751.09
Best validation accuracy: 0.4480
