Job started on iris-184
Config file: configs/baseline_dense.yaml
GPU info:
Mon Mar 23 12:22:05 2026       
+-----------------------------------------------------------------------------------------+
| NVIDIA-SMI 565.57.01              Driver Version: 565.57.01      CUDA Version: 12.7     |
|-----------------------------------------+------------------------+----------------------+
| GPU  Name                 Persistence-M | Bus-Id          Disp.A | Volatile Uncorr. ECC |
| Fan  Temp   Perf          Pwr:Usage/Cap |           Memory-Usage | GPU-Util  Compute M. |
|                                         |                        |               MIG M. |
|=========================================+========================+======================|
|   0  Tesla V100-SXM2-16GB           On  |   00000000:1E:00.0 Off |                    0 |
| N/A   43C    P0             44W /  300W |       1MiB /  16384MiB |      0%      Default |
|                                         |                        |                  N/A |
+-----------------------------------------+------------------------+----------------------+
                                                                                         
+-----------------------------------------------------------------------------------------+
| Processes:                                                                              |
|  GPU   GI   CI        PID   Type   Process name                              GPU Memory |
|        ID   ID                                                               Usage      |
|=========================================================================================|
|  No running processes found                                                             |
+-----------------------------------------------------------------------------------------+
Using device: cuda
Outputs will be saved to: outputs/baseline_dense_vit_20260323_122212
Files already downloaded and verified
Files already downloaded and verified
Total parameters: 5.54M
FLOPs per image: 1.08 GFLOPs
Epoch [1/20] Train Loss: 1.5670 | Train Acc: 0.6093 | Val Loss: 0.9502 | Val Acc: 0.7302
Epoch [2/20] Train Loss: 0.6959 | Train Acc: 0.7960 | Val Loss: 0.8067 | Val Acc: 0.7668
Epoch [3/20] Train Loss: 0.4893 | Train Acc: 0.8518 | Val Loss: 0.7397 | Val Acc: 0.7875
Epoch [4/20] Train Loss: 0.3695 | Train Acc: 0.8845 | Val Loss: 0.7732 | Val Acc: 0.7820
Epoch [5/20] Train Loss: 0.2820 | Train Acc: 0.9107 | Val Loss: 0.7776 | Val Acc: 0.7845
Epoch [6/20] Train Loss: 0.2206 | Train Acc: 0.9287 | Val Loss: 0.7421 | Val Acc: 0.7952
Epoch [7/20] Train Loss: 0.1796 | Train Acc: 0.9425 | Val Loss: 0.7860 | Val Acc: 0.7966
Epoch [8/20] Train Loss: 0.1541 | Train Acc: 0.9511 | Val Loss: 0.8387 | Val Acc: 0.7886
Epoch [9/20] Train Loss: 0.1394 | Train Acc: 0.9555 | Val Loss: 0.8194 | Val Acc: 0.7918
Epoch [10/20] Train Loss: 0.1182 | Train Acc: 0.9628 | Val Loss: 0.8427 | Val Acc: 0.7958
Epoch [11/20] Train Loss: 0.1080 | Train Acc: 0.9651 | Val Loss: 0.8536 | Val Acc: 0.7951
Epoch [12/20] Train Loss: 0.0978 | Train Acc: 0.9685 | Val Loss: 0.9173 | Val Acc: 0.7906
Epoch [13/20] Train Loss: 0.0987 | Train Acc: 0.9687 | Val Loss: 0.8971 | Val Acc: 0.7943
Epoch [14/20] Train Loss: 0.0861 | Train Acc: 0.9726 | Val Loss: 0.9537 | Val Acc: 0.7840
Epoch [15/20] Train Loss: 0.0814 | Train Acc: 0.9735 | Val Loss: 0.9289 | Val Acc: 0.7917
Epoch [16/20] Train Loss: 0.0784 | Train Acc: 0.9755 | Val Loss: 0.9197 | Val Acc: 0.7973
Epoch [17/20] Train Loss: 0.0753 | Train Acc: 0.9759 | Val Loss: 0.9619 | Val Acc: 0.7875
Epoch [18/20] Train Loss: 0.0683 | Train Acc: 0.9780 | Val Loss: 0.9411 | Val Acc: 0.7899
Epoch [19/20] Train Loss: 0.0714 | Train Acc: 0.9774 | Val Loss: 1.0033 | Val Acc: 0.7870
Epoch [20/20] Train Loss: 0.0662 | Train Acc: 0.9785 | Val Loss: 0.9632 | Val Acc: 0.7911
Latency (sec/sample): 0.000341
Throughput (samples/sec): 2930.88
Best validation accuracy: 0.7973
