Job started on iris-183
Config file: configs/dynamic_fixed_50.yaml
GPU info:
Tue Mar 31 12:56:18 2026       
+-----------------------------------------------------------------------------------------+
| NVIDIA-SMI 565.57.01              Driver Version: 565.57.01      CUDA Version: 12.7     |
|-----------------------------------------+------------------------+----------------------+
| GPU  Name                 Persistence-M | Bus-Id          Disp.A | Volatile Uncorr. ECC |
| Fan  Temp   Perf          Pwr:Usage/Cap |           Memory-Usage | GPU-Util  Compute M. |
|                                         |                        |               MIG M. |
|=========================================+========================+======================|
|   0  Tesla V100-SXM2-16GB           On  |   00000000:1E:00.0 Off |                    0 |
| N/A   43C    P0             44W /  300W |       1MiB /  16384MiB |      0%      Default |
|                                         |                        |                  N/A |
+-----------------------------------------+------------------------+----------------------+
                                                                                         
+-----------------------------------------------------------------------------------------+
| Processes:                                                                              |
|  GPU   GI   CI        PID   Type   Process name                              GPU Memory |
|        ID   ID                                                               Usage      |
|=========================================================================================|
|  No running processes found                                                             |
+-----------------------------------------------------------------------------------------+
Using device: cuda
Outputs will be saved to: outputs/dynamic_fixed_50_20260331_125625
Files already downloaded and verified
Files already downloaded and verified
Total parameters: 5.54M
FLOPs per image: 0.82 GFLOPs
Epoch [1/20] Train Loss: 1.7770 | Train Acc: 0.5558 | Val Loss: 1.0430 | Val Acc: 0.7043
Epoch [2/20] Train Loss: 0.8281 | Train Acc: 0.7556 | Val Loss: 0.8705 | Val Acc: 0.7425
Epoch [3/20] Train Loss: 0.6058 | Train Acc: 0.8166 | Val Loss: 0.8185 | Val Acc: 0.7627
Epoch [4/20] Train Loss: 0.4502 | Train Acc: 0.8607 | Val Loss: 0.8447 | Val Acc: 0.7554
Epoch [5/20] Train Loss: 0.3679 | Train Acc: 0.8854 | Val Loss: 0.7983 | Val Acc: 0.7759
Epoch [6/20] Train Loss: 0.3007 | Train Acc: 0.9060 | Val Loss: 0.7858 | Val Acc: 0.7772
Epoch [7/20] Train Loss: 0.2449 | Train Acc: 0.9218 | Val Loss: 0.8132 | Val Acc: 0.7766
Epoch [8/20] Train Loss: 0.2118 | Train Acc: 0.9325 | Val Loss: 0.8456 | Val Acc: 0.7798
Epoch [9/20] Train Loss: 0.1813 | Train Acc: 0.9419 | Val Loss: 0.9071 | Val Acc: 0.7686
Epoch [10/20] Train Loss: 0.1518 | Train Acc: 0.9513 | Val Loss: 0.9003 | Val Acc: 0.7740
Epoch [11/20] Train Loss: 0.1408 | Train Acc: 0.9539 | Val Loss: 0.9063 | Val Acc: 0.7781
Epoch [12/20] Train Loss: 0.1367 | Train Acc: 0.9559 | Val Loss: 0.9536 | Val Acc: 0.7727
Epoch [13/20] Train Loss: 0.1221 | Train Acc: 0.9607 | Val Loss: 0.9588 | Val Acc: 0.7764
Epoch [14/20] Train Loss: 0.1124 | Train Acc: 0.9647 | Val Loss: 0.9694 | Val Acc: 0.7732
Epoch [15/20] Train Loss: 0.1102 | Train Acc: 0.9638 | Val Loss: 0.9780 | Val Acc: 0.7715
Epoch [16/20] Train Loss: 0.1034 | Train Acc: 0.9675 | Val Loss: 0.9947 | Val Acc: 0.7732
Epoch [17/20] Train Loss: 0.0966 | Train Acc: 0.9688 | Val Loss: 0.9816 | Val Acc: 0.7773
Epoch [18/20] Train Loss: 0.0936 | Train Acc: 0.9699 | Val Loss: 0.9663 | Val Acc: 0.7793
Epoch [19/20] Train Loss: 0.0864 | Train Acc: 0.9721 | Val Loss: 1.0029 | Val Acc: 0.7766
Epoch [20/20] Train Loss: 0.0836 | Train Acc: 0.9728 | Val Loss: 1.0004 | Val Acc: 0.7818
Latency (sec/sample): 0.000265
Throughput (samples/sec): 3780.37
Best validation accuracy: 0.7818
