Job started on iris-182
Config file: configs/dynamic_controller_train.yaml
GPU info:
Tue Apr  7 16:43:34 2026       
+-----------------------------------------------------------------------------------------+
| NVIDIA-SMI 565.57.01              Driver Version: 565.57.01      CUDA Version: 12.7     |
|-----------------------------------------+------------------------+----------------------+
| GPU  Name                 Persistence-M | Bus-Id          Disp.A | Volatile Uncorr. ECC |
| Fan  Temp   Perf          Pwr:Usage/Cap |           Memory-Usage | GPU-Util  Compute M. |
|                                         |                        |               MIG M. |
|=========================================+========================+======================|
|   0  Tesla V100-SXM2-16GB           On  |   00000000:1C:00.0 Off |                    0 |
| N/A   40C    P0             44W /  300W |       1MiB /  16384MiB |      0%      Default |
|                                         |                        |                  N/A |
+-----------------------------------------+------------------------+----------------------+
                                                                                         
+-----------------------------------------------------------------------------------------+
| Processes:                                                                              |
|  GPU   GI   CI        PID   Type   Process name                              GPU Memory |
|        ID   ID                                                               Usage      |
|=========================================================================================|
|  No running processes found                                                             |
+-----------------------------------------------------------------------------------------+
Using device: cuda
Outputs will be saved to: outputs/dynamic_controller_train_20260407_164340
Files already downloaded and verified
Files already downloaded and verified
Total parameters: 5.54M
FLOPs per image: 0.00 GFLOPs
Epoch [1/5] Train Loss: 3.5200 | Train Acc: 0.1553 | Val Loss: 2.9415 | Val Acc: 0.2594
Epoch [2/5] Train Loss: 2.7069 | Train Acc: 0.3065 | Val Loss: 2.5076 | Val Acc: 0.3545
Epoch [3/5] Train Loss: 2.2756 | Train Acc: 0.3986 | Val Loss: 2.1894 | Val Acc: 0.4252
Epoch [4/5] Train Loss: 1.9606 | Train Acc: 0.4686 | Val Loss: 2.0341 | Val Acc: 0.4560
Epoch [5/5] Train Loss: 1.7160 | Train Acc: 0.5255 | Val Loss: 1.9335 | Val Acc: 0.4804
Latency (sec/sample): 0.005060
Throughput (samples/sec): 197.63
Best validation accuracy: 0.4804
