Job started on iris-191
Config file: configs/dynamic_controller_train.yaml
GPU info:
Tue Apr  7 11:07:37 2026       
+-----------------------------------------------------------------------------------------+
| NVIDIA-SMI 565.57.01              Driver Version: 565.57.01      CUDA Version: 12.7     |
|-----------------------------------------+------------------------+----------------------+
| GPU  Name                 Persistence-M | Bus-Id          Disp.A | Volatile Uncorr. ECC |
| Fan  Temp   Perf          Pwr:Usage/Cap |           Memory-Usage | GPU-Util  Compute M. |
|                                         |                        |               MIG M. |
|=========================================+========================+======================|
|   0  Tesla V100-SXM2-32GB           On  |   00000000:1C:00.0 Off |                    0 |
| N/A   37C    P0             43W /  300W |       1MiB /  32768MiB |      0%      Default |
|                                         |                        |                  N/A |
+-----------------------------------------+------------------------+----------------------+
                                                                                         
+-----------------------------------------------------------------------------------------+
| Processes:                                                                              |
|  GPU   GI   CI        PID   Type   Process name                              GPU Memory |
|        ID   ID                                                               Usage      |
|=========================================================================================|
|  No running processes found                                                             |
+-----------------------------------------------------------------------------------------+
Using device: cuda
Outputs will be saved to: outputs/dynamic_controller_train_20260407_110744
Files already downloaded and verified
Files already downloaded and verified
Total parameters: 5.54M
FLOPs per image: 0.98 GFLOPs
Epoch [1/20] Train Loss: 3.5996 | Train Acc: 0.1445 | Val Loss: 3.0678 | Val Acc: 0.2383
Epoch [2/20] Train Loss: 2.8509 | Train Acc: 0.2749 | Val Loss: 2.6937 | Val Acc: 0.3102
Epoch [3/20] Train Loss: 2.4687 | Train Acc: 0.3560 | Val Loss: 2.3847 | Val Acc: 0.3818
Epoch [4/20] Train Loss: 2.1736 | Train Acc: 0.4224 | Val Loss: 2.1561 | Val Acc: 0.4352
Epoch [5/20] Train Loss: 1.9116 | Train Acc: 0.4788 | Val Loss: 2.0992 | Val Acc: 0.4434
Epoch [6/20] Train Loss: 1.6877 | Train Acc: 0.5309 | Val Loss: 2.0496 | Val Acc: 0.4592
Epoch [7/20] Train Loss: 1.4816 | Train Acc: 0.5803 | Val Loss: 2.0167 | Val Acc: 0.4795
Epoch [8/20] Train Loss: 1.2861 | Train Acc: 0.6266 | Val Loss: 1.9361 | Val Acc: 0.5013
Epoch [9/20] Train Loss: 1.0927 | Train Acc: 0.6794 | Val Loss: 2.1159 | Val Acc: 0.4765
Epoch [10/20] Train Loss: 0.9266 | Train Acc: 0.7206 | Val Loss: 2.0034 | Val Acc: 0.5170
Epoch [11/20] Train Loss: 0.7660 | Train Acc: 0.7646 | Val Loss: 2.1313 | Val Acc: 0.5041
Epoch [12/20] Train Loss: 0.6348 | Train Acc: 0.8034 | Val Loss: 2.2606 | Val Acc: 0.4999
Epoch [13/20] Train Loss: 0.5298 | Train Acc: 0.8312 | Val Loss: 2.3424 | Val Acc: 0.5035
Epoch [14/20] Train Loss: 0.4512 | Train Acc: 0.8560 | Val Loss: 2.4805 | Val Acc: 0.4948
