Job started on iris-191
Config file: configs/dynamic_controller_train.yaml
GPU info:
Thu Apr  9 12:07:06 2026       
+-----------------------------------------------------------------------------------------+
| NVIDIA-SMI 565.57.01              Driver Version: 565.57.01      CUDA Version: 12.7     |
|-----------------------------------------+------------------------+----------------------+
| GPU  Name                 Persistence-M | Bus-Id          Disp.A | Volatile Uncorr. ECC |
| Fan  Temp   Perf          Pwr:Usage/Cap |           Memory-Usage | GPU-Util  Compute M. |
|                                         |                        |               MIG M. |
|=========================================+========================+======================|
|   0  Tesla V100-SXM2-32GB           On  |   00000000:1A:00.0 Off |                    0 |
| N/A   58C    P0             50W /  300W |       1MiB /  32768MiB |      0%      Default |
|                                         |                        |                  N/A |
+-----------------------------------------+------------------------+----------------------+
                                                                                         
+-----------------------------------------------------------------------------------------+
| Processes:                                                                              |
|  GPU   GI   CI        PID   Type   Process name                              GPU Memory |
|        ID   ID                                                               Usage      |
|=========================================================================================|
|  No running processes found                                                             |
+-----------------------------------------------------------------------------------------+
Using device: cuda
Outputs will be saved to: outputs/dynamic_controller_train_20260409_120717
Files already downloaded and verified
Files already downloaded and verified
Total parameters: 5.54M
FLOPs per image: 0.00 GFLOPs
Epoch [1/5] Train Loss: 3.4811 | Train Acc: 0.1650 | Val Loss: 2.9178 | Val Acc: 0.2677
  Train budget counts: [3, 1, 49996] | Train avg expected keep ratio: 0.7500
  Val budget counts: [0, 0, 10000] | Val avg expected keep ratio: 0.7500
Epoch [2/5] Train Loss: 2.6543 | Train Acc: 0.3171 | Val Loss: 2.4836 | Val Acc: 0.3585
  Train budget counts: [0, 0, 50000] | Train avg expected keep ratio: 0.7500
  Val budget counts: [0, 0, 10000] | Val avg expected keep ratio: 0.7500
Epoch [3/5] Train Loss: 2.2236 | Train Acc: 0.4089 | Val Loss: 2.1734 | Val Acc: 0.4241
  Train budget counts: [0, 0, 50000] | Train avg expected keep ratio: 0.7500
  Val budget counts: [0, 0, 10000] | Val avg expected keep ratio: 0.7500
Epoch [4/5] Train Loss: 1.9040 | Train Acc: 0.4824 | Val Loss: 1.9903 | Val Acc: 0.4655
  Train budget counts: [0, 0, 50000] | Train avg expected keep ratio: 0.7500
  Val budget counts: [0, 0, 10000] | Val avg expected keep ratio: 0.7500
Epoch [5/5] Train Loss: 1.6609 | Train Acc: 0.5362 | Val Loss: 1.9325 | Val Acc: 0.4787
  Train budget counts: [0, 0, 50000] | Train avg expected keep ratio: 0.7500
  Val budget counts: [0, 0, 10000] | Val avg expected keep ratio: 0.7500
Latency (sec/sample): 0.005189
Throughput (samples/sec): 192.72
Best validation accuracy: 0.4787
