Job started on iris-176
Config file: configs/static_prune_k128.yaml
GPU info:
Mon Mar 23 13:56:08 2026       
+-----------------------------------------------------------------------------------------+
| NVIDIA-SMI 565.57.01              Driver Version: 565.57.01      CUDA Version: 12.7     |
|-----------------------------------------+------------------------+----------------------+
| GPU  Name                 Persistence-M | Bus-Id          Disp.A | Volatile Uncorr. ECC |
| Fan  Temp   Perf          Pwr:Usage/Cap |           Memory-Usage | GPU-Util  Compute M. |
|                                         |                        |               MIG M. |
|=========================================+========================+======================|
|   0  Tesla V100-SXM2-16GB           On  |   00000000:1E:00.0 Off |                    0 |
| N/A   37C    P0             43W /  300W |       1MiB /  16384MiB |      0%      Default |
|                                         |                        |                  N/A |
+-----------------------------------------+------------------------+----------------------+
                                                                                         
+-----------------------------------------------------------------------------------------+
| Processes:                                                                              |
|  GPU   GI   CI        PID   Type   Process name                              GPU Memory |
|        ID   ID                                                               Usage      |
|=========================================================================================|
|  No running processes found                                                             |
+-----------------------------------------------------------------------------------------+
Using device: cuda
Outputs will be saved to: outputs/static_prune_k128_20260323_135614
Files already downloaded and verified
Files already downloaded and verified
Total parameters: 5.54M
FLOPs per image: 0.90 GFLOPs
Epoch [1/20] Train Loss: 1.6484 | Train Acc: 0.5878 | Val Loss: 1.0312 | Val Acc: 0.7080
Epoch [2/20] Train Loss: 0.7562 | Train Acc: 0.7767 | Val Loss: 0.7859 | Val Acc: 0.7689
Epoch [3/20] Train Loss: 0.5356 | Train Acc: 0.8366 | Val Loss: 0.7759 | Val Acc: 0.7746
Epoch [4/20] Train Loss: 0.4148 | Train Acc: 0.8720 | Val Loss: 0.8056 | Val Acc: 0.7685
Epoch [5/20] Train Loss: 0.3289 | Train Acc: 0.8971 | Val Loss: 0.7901 | Val Acc: 0.7806
Epoch [6/20] Train Loss: 0.2607 | Train Acc: 0.9172 | Val Loss: 0.7702 | Val Acc: 0.7843
Epoch [7/20] Train Loss: 0.2216 | Train Acc: 0.9291 | Val Loss: 0.8353 | Val Acc: 0.7802
Epoch [8/20] Train Loss: 0.1766 | Train Acc: 0.9438 | Val Loss: 0.8426 | Val Acc: 0.7825
Epoch [9/20] Train Loss: 0.1649 | Train Acc: 0.9467 | Val Loss: 0.8630 | Val Acc: 0.7803
Epoch [10/20] Train Loss: 0.1451 | Train Acc: 0.9528 | Val Loss: 0.9314 | Val Acc: 0.7776
Epoch [11/20] Train Loss: 0.1281 | Train Acc: 0.9590 | Val Loss: 0.9408 | Val Acc: 0.7733
Epoch [12/20] Train Loss: 0.1199 | Train Acc: 0.9616 | Val Loss: 0.8899 | Val Acc: 0.7868
Epoch [13/20] Train Loss: 0.1068 | Train Acc: 0.9654 | Val Loss: 0.9557 | Val Acc: 0.7823
Epoch [14/20] Train Loss: 0.0997 | Train Acc: 0.9684 | Val Loss: 0.9140 | Val Acc: 0.7896
Epoch [15/20] Train Loss: 0.0987 | Train Acc: 0.9682 | Val Loss: 0.9491 | Val Acc: 0.7837
Epoch [16/20] Train Loss: 0.0894 | Train Acc: 0.9710 | Val Loss: 0.9388 | Val Acc: 0.7907
Epoch [17/20] Train Loss: 0.0822 | Train Acc: 0.9738 | Val Loss: 0.9929 | Val Acc: 0.7783
Epoch [18/20] Train Loss: 0.0824 | Train Acc: 0.9731 | Val Loss: 0.9646 | Val Acc: 0.7881
Epoch [19/20] Train Loss: 0.0798 | Train Acc: 0.9745 | Val Loss: 0.9887 | Val Acc: 0.7818
Epoch [20/20] Train Loss: 0.0718 | Train Acc: 0.9771 | Val Loss: 0.9976 | Val Acc: 0.7837
Latency (sec/sample): 0.000293
Throughput (samples/sec): 3418.65
Best validation accuracy: 0.7907
