Job started on iris-182
Config file: configs/static_prune_k64.yaml
GPU info:
Thu Mar 19 12:07:49 2026       
+-----------------------------------------------------------------------------------------+
| NVIDIA-SMI 565.57.01              Driver Version: 565.57.01      CUDA Version: 12.7     |
|-----------------------------------------+------------------------+----------------------+
| GPU  Name                 Persistence-M | Bus-Id          Disp.A | Volatile Uncorr. ECC |
| Fan  Temp   Perf          Pwr:Usage/Cap |           Memory-Usage | GPU-Util  Compute M. |
|                                         |                        |               MIG M. |
|=========================================+========================+======================|
|   0  Tesla V100-SXM2-16GB           On  |   00000000:1E:00.0 Off |                    0 |
| N/A   51C    P0             48W /  300W |       1MiB /  16384MiB |      0%      Default |
|                                         |                        |                  N/A |
+-----------------------------------------+------------------------+----------------------+
                                                                                         
+-----------------------------------------------------------------------------------------+
| Processes:                                                                              |
|  GPU   GI   CI        PID   Type   Process name                              GPU Memory |
|        ID   ID                                                               Usage      |
|=========================================================================================|
|  No running processes found                                                             |
+-----------------------------------------------------------------------------------------+
Using device: cuda
Outputs will be saved to: outputs/static_prune_k64_20260319_120756
Files already downloaded and verified
Files already downloaded and verified
Total parameters: 5.54M
FLOPs per image: 0.73 GFLOPs
Epoch [1/20] Train Loss: 1.8626 | Train Acc: 0.5321 | Val Loss: 1.1542 | Val Acc: 0.6743
Epoch [2/20] Train Loss: 0.9155 | Train Acc: 0.7358 | Val Loss: 1.0082 | Val Acc: 0.7105
Epoch [3/20] Train Loss: 0.6863 | Train Acc: 0.7944 | Val Loss: 0.8852 | Val Acc: 0.7418
Epoch [4/20] Train Loss: 0.5343 | Train Acc: 0.8368 | Val Loss: 0.9408 | Val Acc: 0.7362
Epoch [5/20] Train Loss: 0.4336 | Train Acc: 0.8652 | Val Loss: 0.8520 | Val Acc: 0.7605
Epoch [6/20] Train Loss: 0.3586 | Train Acc: 0.8879 | Val Loss: 0.8529 | Val Acc: 0.7651
Epoch [7/20] Train Loss: 0.2905 | Train Acc: 0.9085 | Val Loss: 0.8799 | Val Acc: 0.7631
Epoch [8/20] Train Loss: 0.2517 | Train Acc: 0.9208 | Val Loss: 0.9275 | Val Acc: 0.7608
Epoch [9/20] Train Loss: 0.2181 | Train Acc: 0.9307 | Val Loss: 0.9690 | Val Acc: 0.7526
Epoch [10/20] Train Loss: 0.1855 | Train Acc: 0.9399 | Val Loss: 1.0330 | Val Acc: 0.7483
Epoch [11/20] Train Loss: 0.1763 | Train Acc: 0.9434 | Val Loss: 0.9884 | Val Acc: 0.7530
Epoch [12/20] Train Loss: 0.1636 | Train Acc: 0.9477 | Val Loss: 1.0213 | Val Acc: 0.7529
Epoch [13/20] Train Loss: 0.1399 | Train Acc: 0.9553 | Val Loss: 0.9775 | Val Acc: 0.7646
Epoch [14/20] Train Loss: 0.1350 | Train Acc: 0.9559 | Val Loss: 1.0323 | Val Acc: 0.7564
Epoch [15/20] Train Loss: 0.1315 | Train Acc: 0.9580 | Val Loss: 1.0959 | Val Acc: 0.7479
Epoch [16/20] Train Loss: 0.1180 | Train Acc: 0.9622 | Val Loss: 1.0447 | Val Acc: 0.7636
Epoch [17/20] Train Loss: 0.1051 | Train Acc: 0.9674 | Val Loss: 1.0961 | Val Acc: 0.7569
Epoch [18/20] Train Loss: 0.1070 | Train Acc: 0.9653 | Val Loss: 1.1264 | Val Acc: 0.7445
Epoch [19/20] Train Loss: 0.0957 | Train Acc: 0.9695 | Val Loss: 1.1256 | Val Acc: 0.7576
Epoch [20/20] Train Loss: 0.1006 | Train Acc: 0.9678 | Val Loss: 1.0842 | Val Acc: 0.7531
Latency (sec/sample): 0.000246
Throughput (samples/sec): 4062.52
Best validation accuracy: 0.7651
